01e00000 T _start
01e00020 t _undefined_instruction
01e00024 t _software_interrupt
01e00028 t _prefetch_abort
01e0002c t _data_abort
01e00030 t _not_used
01e00034 t _irq
01e00038 t _fiq
01e0003c t _pad
01e00040 T _end_vect
01e00040 t _TEXT_BASE
01e00044 T _armboot_start
01e00048 T _bss_start
01e0004c T _bss_end
01e00050 T BOOT_ARGUMENT_LOCATION
01e00054 t reset
01e00070 t relocate
01e00090 t copy_loop
01e000a0 t stack_setup
01e000b4 t clear_bss
01e000c0 t clbss_l
01e000d4 t _start_armboot
01e000d8 t cpu_init_crit
01e00120 t undefined_instruction
01e00180 t software_interrupt
01e001e0 t prefetch_abort
01e00240 t data_abort
01e002a0 t not_used
01e00300 t irq
01e00360 t fiq
01e003b8 T v7_invalidate_dcache_all
01e003d8 t ci_way_loop
01e003dc t ci_set_loop
01e00420 t _TEXT_BASE
01e00424 T lowlevel_init
01e0044c t SRAM_STACK
01e00450 T __aeabi_llsl
01e00450 T __ashldi3
01e00480 T __aeabi_idiv
01e00480 T __divsi3
01e00598 t Ldiv0
01e005c0 T __aeabi_llsr
01e005c0 T __lshrdi3
01e005dc T __aeabi_uidiv
01e005dc T __udivsi3
01e005f4 t Loop1
01e00608 t Lbignum
01e0061c t Loop3
01e0065c t Lgot_result
01e00664 t Ldiv0
01e00674 T __aeabi_uidivmod
01e0068c T __aeabi_idivmod
01e006a4 T __umodsi3
01e006b8 t Loop1
01e006cc t Lbignum
01e006e0 t Loop3
01e00748 t Ldiv0
01e00758 t display_banner
01e0078c t display_dram_config
01e00808 t init_baudrate
01e00860 T hang
01e00878 T start_armboot
01e00ad4 T disable_interrupts
01e00adc T show_regs
01e00c50 T interrupt_init
01e00c58 T reset_cpu
01e00c5c T bad_mode
01e00c7c T do_irq
01e00ca4 T do_fiq
01e00ccc T do_not_used
01e00cf4 T do_data_abort
01e00d1c T do_prefetch_abort
01e00d44 T do_software_interrupt
01e00d6c T do_undefined_instruction
01e00d94 T do_help
01e00dec T envmatch
01e00e50 T getenv_r
01e00ef8 T getenv
01e00f6c T _do_setenv
01e013a4 T do_setenv
01e013d0 T setenv
01e01420 t printenv
01e0150c T do_printenv
01e015ac T do_version
01e015e0 T find_cmd_tbl
01e01674 T find_cmd
01e016b0 T cmd_usage
01e0171c T _do_help
01e018b4 t console_setfile
01e0196c T fgetc
01e019a8 T ftstc
01e019e4 T fputc
01e01a20 T fputs
01e01a5c T getc
01e01a74 T tstc
01e01a8c T putc
01e01aac T puts
01e01ac8 T printf
01e01b00 T vprintf
01e01b2c T ctrlc
01e01b7c T had_ctrlc
01e01b90 T clear_ctrlc
01e01ba8 T search_device
01e01bd0 T console_assign
01e01c10 T console_init_f
01e01c20 T sbrk
01e01c80 T mem_malloc_init
01e01cd4 T malloc_trim
01e01dc0 T free
01e02014 T malloc
01e026b8 T calloc
01e02790 T env_crc_update
01e027cc T env_get_char_memory
01e02800 T env_get_char
01e02840 T env_get_addr
01e02874 T set_default_env
01e028cc T env_relocate
01e0292c T env_relocate_spec
01e02930 T env_get_char_spec
01e0293c T env_init
01e02964 t dummy
01e02968 T get_version
01e02970 T jumptable_init
01e02b4c t delete_char.part.1
01e02c3c T readline_into_buffer
01e02e28 T readline
01e02e4c T parse_line
01e02edc T run_command
01e03258 T main_loop
01e03368 T stdio_get_by_name
01e033bc T stdio_clone
01e03404 T stdio_register
01e0344c T stdio_init
01e034fc T system_init
01e0350c T mt65xx_sw_env
01e03538 T dram_init
01e03720 T get_bank_nr
01e03730 T memory_size
01e03774 T board_init
01e03870 T misc_init_r
01e039b0 T get_board_rev
01e039bc T mt65xx_leds_brightness_set
01e03e74 T leds_battery_full_charging
01e03ea0 T leds_battery_low_charging
01e03ecc T leds_battery_medium_charging
01e03ef8 T isink0_init
01e03f38 T mt65xx_backlight_on
01e03f5c T mt65xx_backlight_off
01e03f80 T leds_init
01e03f9c T meta_mode_check
01e03fdc T boot_mode_select
01e0403c T get_chip_eco_ver
01e04048 T get_chip_ver
01e040a8 T mboot_common_load_part
01e042b4 T mboot_common_load_logo
01e042c8 T mboot_android_check_img_info
01e043c0 T mboot_android_load_bootimg_hdr
01e0466c T mboot_android_load_recoveryimg_hdr
01e048c8 T mboot_android_load_factoryimg_hdr
01e04a84 T mboot_android_load_bootimg
01e04c10 T mboot_android_load_recoveryimg
01e04d9c T mboot_android_load_factoryimg
01e04e34 T mboot_recovery_load_raw_part
01e04ee0 T mboot_recovery_load_misc
01e04f2c t unstuff_bits
01e04f6c t mmc_cmd
01e04f9c t mmc_send_if_cond
01e0500c t mmc_app_cmd
01e05080 t mmc_send_app_op_cond
01e0510c t mmc_send_op_cond
01e051a0 t mmc_virt_to_phys
01e0520c t mmc_sd_switch.isra.0.constprop.3
01e05314 T mmc_get_host
01e05330 T mmc_get_card
01e0534c T mmc_addr_trans_tbl_init
01e05584 T mmc_go_idle
01e055bc T mmc_send_status
01e05610 T mmc_select_card
01e05654 T mmc_switch
01e05730 T mmc_switch_hs
01e057a8 T mmc_read_ext_csd
01e05a2c t mmc_switch_part
01e05ae4 T mmc_set_clock
01e05b10 t mmc_dev_bwrite
01e05c60 T mmc_set_card_detect
01e05ca4 T mmc_set_blk_length
01e05d00 T mmc_set_bus_width
01e05ebc T mmc_dev_bread
01e05fe0 T mmc_block_read
01e060f4 T mmc_wrap_bread
01e06110 T mmc_block_write
01e06224 T mmc_wrap_bwrite
01e06240 T mmc_init_mem_card
01e07350 T mmc_init_card
01e07664 T mmc_init_host
01e0768c T mmc_legacy_init
01e07824 T msdc_uffs
01e07878 T msdc_ntohl
01e078a4 T msdc_set_field
01e078d0 T msdc_get_field
01e078f8 T msdc_flush_membuf
01e078fc T msdc_cal_checksum
01e07928 T msdc_alloc_gpd
01e079d0 T msdc_alloc_bd
01e07a80 T msdc_queue_bd
01e07acc T msdc_add_gpd
01e07b28 T msdc_reset_gpd
01e07b44 T msdc_set_timeout
01e07ba0 T msdc_set_blklen
01e07bf8 T msdc_set_blknum
01e07c04 T msdc_set_driving
01e07c88 T msdc_set_autocmd
01e07ca4 T msdc_abort
01e07d44 T msdc_intr_wait
01e07d60 T msdc_intr_unmask
01e07d74 T msdc_send_cmd
01e07f9c T msdc_wait_rsp
01e080f0 T msdc_sg_init
01e08154 T msdc_dma_init
01e081fc T msdc_dma_cmd
01e08284 T msdc_dma_config
01e08648 T msdc_dma_start
01e0865c T msdc_dma_stop
01e0869c T msdc_dma_wait_done
01e0875c T msdc_pio_read_word
01e0888c T msdc_pio_read
01e088b0 T msdc_config_clksrc
01e08938 T msdc_config_clock
01e08acc T msdc_config_bus
01e08b10 T msdc_config_pin
01e08be0 T msdc_clock
01e08be4 T msdc_host_power
01e08c20 T msdc_card_power
01e08c24 T msdc_power
01e08c6c T msdc_reset_tune_counter
01e08c78 T msdc_tune_cmdrsp
01e08edc T msdc_cmd
01e08f50 T msdc_abort_handler
01e09088 T msdc_dma_transfer
01e093a4 T msdc_dma_bwrite
01e093f8 T msdc_dma_bread
01e09458 T msdc_tune_bread
01e09780 T msdc_tune_read
01e09a80 T msdc_card_detect
01e09af8 T msdc_card_avail
01e09b50 T msdc_hard_reset
01e09b54 T msdc_init
01e09f40 t get_uart_port_id
01e09f94 T mtk_uart_power_on
01e09fd8 T serial_setbrg
01e0a128 T serial_getc
01e0a15c T serial_putc
01e0a1ac T serial_puts
01e0a1cc T serial_tstc
01e0a1f4 T serial_init
01e0a1fc T mtk_serial_set_current_uart
01e0a264 T mtk_serial_init
01e0a334 T custom_port_in_kernel
01e0a3c4 T gpt4_get_current_tick
01e0a3d4 T gpt4_tick2time_us
01e0a3e8 T gpt_busy_wait_us
01e0a430 T reset_timer_masked
01e0a46c T get_timer_masked
01e0a4f4 T get_timer
01e0a514 T mdelay
01e0a53c T udelay
01e0a594 T get_ticks
01e0a5a8 T gpt_one_shot_irq
01e0a5ec T gpt_irq_init
01e0a628 T gpt_irq_ack
01e0a63c T meta_detection
01e0a6f4 T recovery_check_key_trigger
01e0a7bc T recovery_check_command_trigger
01e0a838 T recovery_detection
01e0a8b0 T factory_check_key_trigger
01e0a990 T factory_detection
01e0aa0c t mtk_wdt_mode_config.constprop.0
01e0aa4c T mtk_wdt_set_time_out_value
01e0aa74 T mtk_wdt_restart
01e0aa84 T mtk_wdt_init
01e0aaf0 T mtk_wdt_boot_check
01e0ab60 T mtk_arch_reset
01e0abb8 T mt_set_gpio_dir
01e0ac34 T mt_set_gpio_pull_enable
01e0acb0 T mt_set_gpio_out
01e0ad30 T mt_set_gpio_mode
01e0ad9c T mt_gpio_set_default
01e0aed8 T mt_power_on
01e0afac T mt_power_off
01e0b070 T mt_set_pwm_enable
01e0b098 T mt_set_pwm_disable
01e0b0d4 T mt_set_pwm_enable_seqmode
01e0b0ec T mt_set_pwm_clk
01e0b164 T mt_set_pwm_con_datasrc
01e0b1c4 T mt_set_pwm_con_mode
01e0b224 T mt_set_pwm_con_idleval
01e0b288 T mt_set_pwm_con_guardval
01e0b2ec T mt_set_pwm_con_stpbit
01e0b380 T mt_set_pwm_con_oldmode
01e0b3e0 T mt_set_pwm_HiDur
01e0b41c T mt_set_pwm_LowDur
01e0b458 T mt_set_pwm_GuardDur
01e0b494 T mt_set_pwm_buf0_addr
01e0b4cc T mt_set_pwm_buf0_size
01e0b508 T mt_set_pwm_buf1_addr
01e0b540 T mt_set_pwm_buf1_size
01e0b57c T mt_set_pwm_send_data0
01e0b5b4 T mt_set_pwm_send_data1
01e0b5ec T mt_set_pwm_wave_num
01e0b628 T mt_set_pwm_data_width
01e0b664 T mt_set_pwm_thresh
01e0b6a0 T mt_set_pwm_valid
01e0b700 T mt_set_pwm_delay_duration
01e0b720 T mt_set_pwm_delay_clock
01e0b738 T pwm_set_easy_config
01e0b9c4 T pwm_set_spec_config
01e0bdc8 T mt65xx_disp_get_vram_size
01e0bdcc T mt65xx_disp_init
01e0c2e8 T mt65xx_get_logo_db_addr
01e0c2fc T mt65xx_get_fb_addr
01e0c310 T mt65xx_get_fb_size
01e0c320 T mt65xx_disp_update
01e0c364 T mt65xx_disp_power
01e0c3bc T mt65xx_disp_wait_idle
01e0c3fc T mt65xx_disp_get_lcd_time
01e0c61c T mt65xx_disp_get_lcm_id
01e0c620 T video_hw_init
01e0c694 T video_set_lut
01e0c698 t disp_dump_lcm_parameters
01e0c738 t disp_drv_init_ctrl_if
01e0ca10 t lcm_mdelay
01e0ca14 t lcm_mdelay
01e0ca20 t lcm_udelay
01e0ca24 t lcm_set_reset_pin
01e0ca2c t lcm_read_data
01e0cafc t lcm_send_data
01e0cbb8 t lcm_send_cmd
01e0cc74 T disp_log_enable
01e0cca8 T disp_drv_get_lcm_driver
01e0cf7c T DISP_IsLcmFound
01e0cf90 T DISP_DetectDevice
01e0d020 t disp_drv_init_context
01e0d13c T DISP_PowerEnable
01e0d200 T DISP_PanelEnable
01e0d468 T DISP_UpdateScreen
01e0d67c T DISP_GetScreenWidth
01e0d6c4 T DISP_GetScreenHeight
01e0d70c T DISP_GetScreenBpp
01e0d720 T DISP_GetPages
01e0d734 T DISP_GetFBRamSize
01e0d77c T DISP_Init
01e0d8a0 T DISP_GetVRamSize
01e0d92c T DISP_GetLCMId
01e0d954 T DAL_GetLayerSize
01e0d974 T DAL_Init
01e0d97c T DAL_OnDispPowerOn
01e0d984 t dbi_get_working_buffer_size
01e0d98c t dbi_get_working_buffer_bpp
01e0d994 t init_lcd_te_control
01e0dbf8 t init_lcd_te_control
01e0de5c t disp_drv_dbi_init_context
01e0df1c t dbi_get_panel_color_format
01e0dfd0 t dbi_get_dithering_bpp
01e0dffc t dbi_update_screen
01e0e040 t init_io_pad
01e0e09c t init_io_pad
01e0e0f8 t dbi_enable_power
01e0e18c t dbi_init
01e0e4cc T dbi_capture_framebuffer
01e0e50c T DISP_GetDriverDBI
01e0e51c t _IsEngineBusy
01e0e538 t _BackupLCDRegisters
01e0e714 t _RestoreLCDRegisters
01e0e8f8 T dbi_log_enable
01e0e92c T LCD_Init_IO_pad
01e0ea08 T LCD_Set_DrivingCurrent
01e0eaac T LCD_PowerOn
01e0eb38 T LCD_Init
01e0ebdc T LCD_ConfigIfFormat
01e0ec1c T LCD_SetResetSignal
01e0ec3c T LCD_ConfigDSIIfFormat
01e0ec78 T LCD_LayerEnable
01e0eda8 T LCD_LayerSetAddress
01e0ee6c T LCD_LayerSetSize
01e0ef08 T LCD_LayerSetPitch
01e0ef9c T LCD_LayerSetOffset
01e0f038 T LCD_LayerSetFormat
01e0f0f4 T LCD_LayerSetRotation
01e0f1a4 T LCD_LayerSetSourceColorKey
01e0f254 T LCD_LayerSetTriggerMode
01e0f358 T LCD_EnableHwTrigger
01e0f39c T LCD_SetBackgroundColor
01e0f3b0 T LCD_SetRoiWindow
01e0f3f0 T LCD_EnableDCtoDsi
01e0f410 T LCD_SetOutputAlpha
01e0f42c T LCD_WaitDPIIndication
01e0f454 T LCD_FBSetFormat
01e0f480 T LCD_FBSetPitch
01e0f4a8 T LCD_FBEnable
01e0f530 T LCD_FBSetAddress
01e0f584 T LCD_FBSetStartCoord
01e0f5a4 T LCD_TE_Enable
01e0f5cc T LCD_TE_SetMode
01e0f5f4 T LCD_TE_SetEdgePolarity
01e0f61c T LCD_TE_ConfigVHSyncMode
01e0f624 T LCD_SelectWriteIF
01e0f6dc T LCD_WriteIF
01e0f7e0 T LCD_ReadIF
01e0f8f0 T LCD_IsLayerEnable
01e0f984 T LCD_GetOutputMode
01e0f998 T LCD_DumpRegisters
01e0fa38 t _WaitForEngineNotBusy
01e0fb5c t _WaitForEngineNotBusy
01e0fbb8 T LCD_SetOutputMode
01e0fc08 T LCD_ConfigSerialIF
01e0fd7c T LCD_ConfigParallelIF
01e10000 T LCD_WaitForNotBusy
01e10010 T LCD_PowerOff
01e100a0 T LCD_W2M_NeedLimiteSpeed
01e100b8 T LCD_SetGMCThrottle
01e10170 T LCD_StartTransfer
01e10288 T LCD_Capture_Framebuffer
01e106bc T dsi_esd_check
01e106c4 T dsi_capture_framebuffer
01e10868 T dsi_esd_reset
01e10900 T get_dsi_tmp_buffer_format
01e1096c T get_dsi_tmp_buffer_bpp
01e10988 t disp_drv_dsi_init_context
01e10a08 t dsi_get_panel_color_format
01e10a90 t dsi_get_dithering_bpp
01e10abc t dsi_get_working_buffer_bpp
01e10afc t dsi_get_working_buffer_size
01e10b60 t dsi_update_screen
01e10d30 t dsi_enable_power
01e11160 T get_lcd_tmp_buffer_format
01e11180 t init_lcd
01e116dc T init_dsi
01e1186c t dsi_init
01e11d44 T DISP_GetDriverDSI
01e11d54 t _BackupDSIRegisters
01e11e14 T DSI_PowerOff
01e11e74 T DSI_Deinit
01e11eb4 T DSI_Reset
01e11ee8 T DSI_PowerOn
01e11ff8 T DSI_Init
01e120f8 T DSI_SetMode
01e12114 T DSI_Config_VDO_Timing
01e12338 T DSI_PHY_clk_setting
01e12454 T DSI_PHY_clk_switch
01e12478 T DSI_PHY_TIMCONFIG
01e12868 T DSI_clk_ULP_mode
01e128d8 T DSI_clk_HS_state
01e128ec T DSI_clk_HS_mode
01e12934 T DSI_lane0_ULP_mode
01e1299c T DSI_Write_T0_INS
01e129c4 T DSI_Write_T2_INS
01e12a38 T DSI_TXRX_Control
01e12a98 T DSI_PS_Control
01e12af4 T DSI_write_lcm_cmd
01e12b10 T DSI_write_lcm_regs
01e12b30 T DSI_read_lcm_reg
01e12b38 T DSI_enable_MIPI_txio
01e12c98 T Need_Wait_ULPS
01e12cb4 T Wait_ULPS_Mode
01e12cfc T Wait_WakeUp
01e12d70 T DSI_DumpRegisters
01e12e04 T DSI_EnableClk
01e12e34 T DSI_set_cmdq
01e12ec8 T DSI_set_cmdq_V2
01e13648 T DSI_set_cmdq_V3
01e13dfc T DSI_WaitForNotBusy
01e13e0c T DSI_dcs_read_lcm_reg_v2
01e13ffc T DSI_dcs_read_lcm_reg
01e141bc t disp_drv_dpi_init_context
01e142c4 t dpi_get_working_buffer_bpp
01e142dc t dpi_get_working_buffer_size
01e14330 t dpi_get_panel_color_format
01e143b8 t dpi_get_dithering_bpp
01e1444c t dpi_update_screen
01e14490 t init_mipi_pll
01e144f4 t dpi_enable_power
01e14688 t dpi_init
01e14f84 T dpi_capture_framebuffer
01e14fc4 T DISP_GetDriverDPI
01e14fd4 t _BackupDPIRegisters
01e15024 T DPI_DisableIrq
01e15028 T DPI_EnableIrq
01e1502c T DPI_mipi_switch
01e15030 T DPI_Init_PLL
01e150a8 T DPI_Set_DrivingCurrent
01e15138 T DPI_PowerOn
01e151ac T DPI_Init
01e1523c T DPI_PowerOff
01e15280 T DPI_EnableClk
01e1529c T DPI_DisableClk
01e152b8 T DPI_EnableSeqOutput
01e152e0 T DPI_SetRGBOrder
01e15300 T DPI_ConfigPixelClk
01e153b4 T DPI_ConfigDataEnable
01e153dc T DPI_ConfigVsync
01e15418 T DPI_ConfigHsync
01e15458 T DPI_FBEnable
01e154e0 T DPI_FBSyncFlipWithLCD
01e15508 T DPI_SetDSIMode
01e15530 T DPI_FBSetFormat
01e1554c T DPI_FBSetSize
01e1556c T DPI_FBSetAddress
01e155c0 T DPI_FBSetPitch
01e15618 T DPI_Capture_Framebuffer
01e15620 T mt65xx_logo_decompress
01e15704 t show_logo
01e15980 T mt65xx_logo_get_custom_if
01e159a8 T cust_show_battery_capacity_new
01e15b04 T mt65xx_disp_show_boot_logo
01e15b5c T mt65xx_disp_enter_charging_state
01e15be8 T mt65xx_disp_show_battery_full
01e15c20 T mt65xx_disp_show_battery_capacity
01e15c5c T mt65xx_disp_show_charger_ov_logo
01e15cb4 T mt65xx_disp_show_low_battery
01e15d0c T mt65xx_disp_fill_rect
01e15e80 T mt6577_get_bus_freq
01e15f88 T mt6577_irq_unmask
01e15fac T mt6577_irq_mask_all
01e16028 T mt6577_irq_mask_restore
01e160a4 T mt6577_irq_set_sens
01e160d8 T mt6577_irq_set_polarity
01e16128 T mt6577_irq_ack
01e16138 T mt6577_init_irq
01e161f0 t mt_part_generic_write
01e16488 T mt_part_generic_read
01e166a0 T mt_part_dump
01e16760 T mt_part_init
01e1680c T mt_part_get_partition
01e168fc T mt_part_register_device
01e1697c T mt_part_get_device
01e169d8 T pmic6329_i2c_read
01e16a0c T pmic6329_i2c_write
01e16a88 T pmic6329_get_version
01e16b30 T get_pmic6329_version
01e16b8c T pmic_IsUsbCableIn
01e16bf8 T mt6577_detect_powerkey
01e16c64 T mt6577_detect_homekey
01e16cd0 T pmic_read_interface
01e16d1c T upmu_get_cid1
01e16d44 T upmu_get_cid0
01e16d6c T pmic_config_interface
01e16dd8 T PMIC_CUSTOM_SETTING_V1
01e16f54 T pmic_bank1_read_interface
01e16fa0 T pmic_bank1_config_interface
01e1700c T PMIC_INIT_SETTING_V1
01e175f0 T hw_charger_type_detection
01e1790c T mt_charger_type_detection
01e1797c T upmu_strup_usbdl_en
01e17990 T upmu_chr_get_vcdt_hv_det
01e179bc T upmu_chr_enable
01e179d0 T upmu_chr_csdac_enable
01e179e4 T upmu_chr_vcdt_hv_enable
01e179f8 T upmu_chr_vcdt_hv_vth
01e17a0c T upmu_chr_vcdt_lv_vth
01e17a20 T upmu_chr_cs_en
01e17a34 T upmu_chr_vbat_cv_en
01e17a48 T upmu_chr_vbat_cv_vth
01e17a5c T upmu_chr_vbat_cs_vth
01e17a70 T upmu_chr_vbat_ov_vth
01e17a84 T upmu_chr_vbat_ov_en
01e17a98 T upmu_chr_baton_ht_en
01e17aac T upmu_chr_baton_en
01e17ac0 T upmu_chr_chrwdt_en
01e17ad4 T upmu_chr_chrwdt_td
01e17ae8 T upmu_chr_chrwdt_flag_wr
01e17afc T upmu_chr_chrwdt_int_en
01e17b10 T upmu_chr_adcin_vchr_en
01e17b24 T upmu_chr_adcin_vsen_en
01e17b38 T upmu_chr_adcin_vbat_en
01e17b4c T upmu_chr_bc11_rst
01e17b60 T upmu_chr_csdac_stp_dec
01e17b74 T upmu_chr_csdac_stp_inc
01e17b88 T upmu_chr_csdac_stp
01e17b9c T upmu_chr_csdac_dly
01e17bb0 T upmu_chr_chrind_on
01e17bc4 T pmic6329_init
01e17c34 T upmu_chr_low_ich_db
01e17c48 T upmu_chr_ulc_det_en
01e17c5c T upmu_chr_hw_cv_en
01e17c70 T upmu_chr_baton_tdet_en
01e17c84 T upmu_chr_csdac_mode
01e17c98 T upmu_chr_vcdt_mode
01e17cac T upmu_auxadc_get_ch0_ready
01e17cd8 T upmu_auxadc_get_ch1_data_7_0
01e17d00 T upmu_auxadc_get_ch1_ready
01e17d2c T upmu_auxadc_get_ch1_data_9_8
01e17d54 T upmu_auxadc_get_ch2_data_7_0
01e17d7c T upmu_auxadc_get_ch2_ready
01e17da8 T upmu_auxadc_get_ch2_data_9_8
01e17dd0 T upmu_auxadc_get_ch3_data_7_0
01e17df8 T upmu_auxadc_get_ch3_ready
01e17e24 T upmu_auxadc_get_ch3_data_9_8
01e17e4c T upmu_auxadc_get_trimming_data_7_0
01e17e74 T upmu_auxadc_get_trimming_data_9_8
01e17e9c T upmu_auxadc_ch_sel
01e17eb0 T upmu_auxadc_start
01e17ec4 T upmu_auxadc_spl_num
01e17ed8 T upmu_auxadc_buf_pwd_b
01e17eec T upmu_top2_bst_drv_ck_pdn
01e17f00 T upmu_isinks_dim0_duty
01e17f14 T upmu_isinks_dim0_fsel
01e17f28 T upmu_isinks_dim1_duty
01e17f3c T upmu_isinks_dim1_fsel
01e17f50 T upmu_isinks_dim2_duty
01e17f64 T upmu_isinks_dim2_fsel
01e17f78 T upmu_isinks_ch5_en
01e17f8c T upmu_isinks_ch4_en
01e17fa0 T upmu_isinks_ch3_en
01e17fb4 T upmu_isinks_ch2_en
01e17fc8 T upmu_isinks_ch1_en
01e17fdc T upmu_isinks_ch0_en
01e17ff0 T upmu_isinks_ch5_cabc_en
01e18004 T upmu_isinks_ch4_cabc_en
01e18018 T upmu_isinks_ch3_cabc_en
01e1802c T upmu_isinks_ch2_cabc_en
01e18040 T upmu_isinks_ch1_cabc_en
01e18054 T upmu_isinks_ch0_cabc_en
01e18068 T upmu_isinks_ch0_step
01e1807c T upmu_isinks_ch0_mode
01e18090 T upmu_isinks_ch1_step
01e180a4 T upmu_isinks_ch1_mode
01e180b8 T upmu_isinks_ch2_step
01e180cc T upmu_isinks_ch2_mode
01e180e0 T upmu_isinks_ch3_step
01e180f4 T upmu_isinks_ch3_mode
01e18108 T upmu_isinks_ch4_step
01e1811c T upmu_isinks_ch4_mode
01e18130 T upmu_isinks_ch5_step
01e18144 T upmu_isinks_ch5_mode
01e18158 T upmu_boost_isink_hw_sel
01e1816c T upmu_boost_mode
01e18180 T upmu_boost_cabc_en
01e18194 T upmu_boost_en
01e181a8 T upmu_boost_vrsel
01e181bc T upmu_otpc_otp_pdo_55_48
01e181e4 T upmu_otpc_otp_pdo_63_56
01e1820c T upmu_get_reg_value
01e18234 T PMIC_IMM_GetOneChannelValue
01e18634 T upmu_get_PCHR_CHRDET
01e18660 T upmu_is_chr_det
01e18674 T BattThermistorConverTemp
01e1876c T BattVoltToTemp
01e1879c T pmic_chrdet_status
01e187c4 T select_charging_curret
01e188cc T ChargerHwInit
01e18970 T pchr_turn_off_charging
01e18af0 T bmt_charger_ov_check
01e18bb4 T pchr_turn_on_charging
01e18d08 T g_Get_I_Charging
01e18fd0 T BAT_GetVoltage
01e19130 T BAT_GetVoltage_notbat
01e19268 T BattVoltToPercent
01e1933c T BAT_CheckBatteryStatus
01e19800 T BAT_BatteryStatusFailAction
01e19878 T BAT_ChargingOTAction
01e198f0 T BAT_BatteryFullAction
01e19958 T BAT_PreChargeModeAction
01e19a44 T BAT_ConstantCurrentModeAction
01e19bec T BAT_TopOffModeAction
01e19c70 T BAT_PostFullModeAction
01e19cb0 T BAT_thread
01e1a0a4 T uboot_charging_display
01e1a218 T batdrv_init
01e1a308 T check_point_sync_leds
01e1a36c T mt65xx_bat_init
01e1a8f0 T virt_to_phys_addr
01e1a9f4 T mt6577_detect_key
01e1aaa4 T mt6577_detect_pmic_just_rst
01e1ab14 t rtc_mktime
01e1abb8 t rtc_write_trigger
01e1abd8 T rtc_writeif_unlock
01e1ac04 T rtc_writeif_lock
01e1ac18 T rtc_bbpu_power_down
01e1ac38 T rtc_boot_check
01e1aee0 T i2c_v1_read
01e1b028 T i2c_v1_write
01e1b14c T get_part_tab_from_complier
01e1b21c T load_exist_part_tab
01e1b814 T part_init_pmt
01e1bcf0 t slp_pmic_dvs_vol_init
01e1bd4c T protect_md
01e1bdc0 T reset_md
01e1bef4 T sc_force_ap_control
01e1bf10 T sc_mod_exit
01e1bf24 T sc_mod_init
01e1c250 T mt6577_sleep
01e1c43c T dcm_enable
01e1c4d4 T power_saving_init
01e1c528 T LOGO_GetCustomIF
01e1c550 T get_cust_led_list
01e1c560 T mt6577_power_off
01e1c5a4 t lcm_update
01e1c650 t lcm_setpwm
01e1c654 t lcm_getpwm
01e1c660 t lcm_esd_check
01e1c664 t lcm_init_setting
01e1d16c t lcm_esd_recover
01e1d1f0 t lcm_compare_id
01e1d2b4 t lcm_init
01e1d318 t lcm_get_params
01e1d3dc t lcm_set_util_funcs
01e1d3f4 t push_table.constprop.0
01e1d460 t lcm_suspend
01e1d474 t lcm_resume
01e1d48c t lcm_setbacklight
01e1d4a8 T crc32_no_comp
01e1d59c T crc32
01e1d5b0 T print_size
01e1d6f4 T strcpy
01e1d70c T strncpy
01e1d730 T strcmp
01e1d758 T strncmp
01e1d79c T strchr
01e1d7d0 T strlen
01e1d7f0 T strnlen
01e1d81c T memset
01e1d88c T memcpy
01e1d8f0 t string
01e1d98c t put_dec
01e1db8c t number
01e1de28 T simple_strtoul
01e1dee8 T simple_strtol
01e1df10 T vsprintf
01e1e370 T sprintf
01e1e394 T panic
01e1e3e0 T zcfree
01e1e3e8 T zcalloc
01e1e3f0 T inflate_fast
01e1e9a8 T inflate_table
01e1ef74 T inflateReset
01e1f014 T inflateInit2_
01e1f12c T inflateInit_
01e1f140 T inflateEnd
01e1f1cc T adler32
01e1f4b4 T inflate
01e20bc8 T __div64_32
01e20cb4 T cleanup_before_linux
01e20ce0 T cpu_init
01e20ce8 T setup_meta_com_tag
01e20d58 T setup_boot_tag
01e20da0 T msg_header_error
01e20e78 T msg_img_error
01e20efc T setup_revision_tag
01e20f3c T do_nand_boot
01e2189c T do_msdc_boot
01e218a0 t cp_delay
01e218d0 T icache_disable
01e218e8 T dcache_disable
01e218ec T do_reset
01e2191c T video_set_cursor
01e2196c T __board_video_skip
01e2196c W board_video_skip
01e21974 T drv_video_init
01e21af8 T __div0
01e21afc R version_string
01e21b34 r tacc_mant
01e21b74 r tacc_exp
01e21b94 r tran_mant
01e21ba4 r tran_exp
01e21bc4 r mmc_tran_mant
01e21bd4 r __func__.2676
01e21be4 r g_mmcTable
01e21c04 r __func__.2727
01e21c14 r msdc_rsp
01e21c58 r __func__.2491
01e21c64 r __func__.5802
01e21c7a r __func__.5821
01e21c8c r __func__.5816
01e21c9e r __func__.5907
01e21cb4 r __func__.5911
01e21cca r __func__.6024
01e21cdf r __func__.6045
01e21cf8 r __func__.6051
01e21d11 r __func__.5653
01e21d2c r TO_BPP
01e21d38 r __func__.6281
01e21d4c R DPI_PAD_CON
01e21d50 R NLI_ARB_CS
01e21d54 r TO_BPP.5689
01e21d5c r TO_LCD_FORMAT.5693
01e21d64 r TO_LCD_FORMAT.5673
01e21d6c r TO_BPP.5669
01e21d74 r __func__.5677
01e21d90 R BACKUP_DPI_REG_OFFSETS
01e21de4 r __FUNCTION__.2624
01e21e84 r __func__.4978
01e21e9c r __func__.2701
01e21eb0 r __func__.2678
01e21ec8 r __func__.1467
01e21ed8 r crc_table
01e222d8 r names.2463
01e222de r digits.2476
01e222ee R hex_asc
01e22300 r lext.2778
01e2233e r lbase.2777
01e2237c r dext.2780
01e223bc r dbase.2779
01e223fc r lenfix
01e22bfc r distfix
01e22c7c r order.2873
01e29258 d env_id
01e2925c d sbrk_base
01e29260 d trim_threshold
01e29264 d mmap_threshold
01e29268 D default_environment
01e292d4 d erase_seq
01e292d8 d tab_seq
01e292e4 d g_lastlevel
01e29300 d gpio_dat
01e29304 D gpio_init_mode_data
01e29362 D gpio_init_dout_data
01e29380 D gpio_init_pullsel_data
01e2939e D gpio_init_pullen_data
01e293bc D gpio_init_dir_data
01e293dc D PWM_register
01e29414 d direct_link_layer
01e29418 d disp_fb_bpp
01e2941c d disp_fb_pages
01e29420 D is_needReConfig
01e29424 d dpiTmpBufFormat
01e29428 d lcdTmpBufFormat
01e2942c d g_bl_on
01e29430 D top_animation_rect
01e29440 D top_animation_size
01e29444 D percent_location_rect
01e29454 D percent_pic_size
01e29458 D battery_rect
01e29468 D line_pic_size
01e2946c D number_location_rect
01e2947c D number_pic_size
01e29480 D prog_first
01e29484 D prog
01e29488 D Enable_BATDRV_LOG
01e2948c D g_temp_CC_value
01e29490 D g_usb_state
01e29494 D g_R_CHARGER_2
01e29498 D g_R_CHARGER_1
01e2949c D g_R_I_SENSE
01e294a0 D g_R_BAT_SENSE
01e294a4 D CHARGING_FULL_CURRENT
01e294a8 D CSDAC_DAT_MAX
01e294ac D PMIC_RESERVE_CON1
01e294b0 D CHR_CON_10
01e294b4 D CHR_CON_9
01e294b8 D CHR_CON_6
01e294bc D CHR_CON_4
01e294c0 D CHR_CON_2
01e294c4 D CHR_CON_1
01e294c8 D CHR_CON_0
01e294cc D g_thread_count
01e294d0 D g_bl_on
01e294d4 D V_compensate_EVB
01e294d8 D V_CC2TOPOFF_THRES
01e294dc D V_PRE2CC_THRES
01e294e0 D Batt_VoltToPercent_Table
01e29538 D msdc_cap
01e29548 D lcm_count
01e2954c d lcm_sleep_in_setting
01e296b4 d lcm_sleep_out_setting
01e2981c d lcm_backlight_level_setting
01e298ac D _ctype
01e299ac D init_sequence
01e299d8 D lcm_driver_list
01e299dc d _GLOBAL_OFFSET_TABLE_
01e299e8 d av_
01e29df0 D lcm_params
01e29df4 d cust_led_list
01e29eb8 D partition_layout
01e29fe8 D nt35516_dsi_3P2463_lcm_drv
01e2a024 d lcm_utils
01e2a070 d DBI_DISP_DRV.5752
01e2a09c d DSI_DISP_DRV.5897
01e2a0c8 d DPI_DISP_DRV.5826
01e2a2f8 A __u_boot_cmd_start
01e2a2f8 D __u_boot_cmd_msdc_boot
01e2a310 D __u_boot_cmd_nand_boot
01e2a328 D __u_boot_cmd_question_mark
01e2a340 D __u_boot_cmd_help
01e2a358 D __u_boot_cmd_setenv
01e2a370 D __u_boot_cmd_printenv
01e2a388 D __u_boot_cmd_version
01e2a3a0 A __bss_start
01e2a3a0 A __u_boot_cmd_end
01e2a3a0 B boot_time
01e2a3a4 B monitor_flash_len
01e2a3a8 b ctrlc_disabled
01e2a3ac b ctrlc_was_pressed
01e2a3b0 b current_mallinfo
01e2a3d8 b top_pad
01e2a3dc b max_sbrked_mem
01e2a3e0 b max_total_mem
01e2a3e4 b n_mmaps_max
01e2a3e8 B mem_malloc_brk
01e2a3ec B mem_malloc_end
01e2a3f0 B mem_malloc_start
01e2a3f4 B env_ptr
01e2a3f8 b lastcommand.2401
01e2a4f8 B console_buffer
01e2a5fc b devs
01e2a638 B stdio_devices
01e2a644 B load_addr
01e2a648 b g_nr_bank
01e2a64c b g_rank_size
01e2a65c B g_boot_arg
01e2a660 B backlight_PWM_div
01e2a664 B debug_enable
01e2a668 B g_boot_mode
01e2a66c B g_rimg_sz
01e2a670 B g_kimg_sz
01e2a674 B g_fcimg_sz
01e2a678 B g_rcimg_sz
01e2a67c B g_bimg_sz
01e2a680 B g_rmem_off
01e2a684 B g_kmem_off
01e2a688 b g_addr_trans_tbl
01e2a690 b sd_host
01e2a6f0 b sd_card
01e2a9c8 b g_emmc_addr_trans
01e2aa28 b boot_dev_found
01e2aa2c b sd_dev
01e2aa98 b boot_dev
01e2aab0 B dl_buf
01e2b2b0 B g_emmc_size
01e2b2b8 B g_user_virt_addr
01e2b2bc b msdc_gpd_pool
01e2b2f4 b msdc_bd_pool
01e2b334 b msdc_priv
01e2b3a4 B g_brg
01e2b3a8 B g_uart
01e2b3ac b lastinc
01e2b3b0 b timestamp
01e2b3b4 b timeout
01e2b3b6 b is_rgu_trigger_rst
01e2b3b8 B gpio_init_dinv_data
01e2b3d8 b pwm_status
01e2b3dc B PWM_REG_OFF
01e2b3e0 b fb_size
01e2b3e4 b logo_db_addr
01e2b3e8 b fb_addr
01e2b3ec b s_mt65xx_gd.6148
01e2b47c b ctrl_if
01e2b480 b DISP_CallbackArray
01e2b4e8 b disp_log_on
01e2b4ec b s_lcm_params
01e2b684 b u4IndexOfLCMList
01e2b688 b isLCMFound
01e2b68c b disp_drv
01e2b690 b s_enabled.5848
01e2b691 b is_engine_in_suspend_mode
01e2b692 b is_lcm_in_suspend_mode
01e2b693 b s_enabled.5854
01e2b694 b is_overlaying
01e2b698 b dal_layerPA
01e2b69c b dal_layerVA
01e2b6a0 b vramSize.6019
01e2b6a4 b vramSize.6023
01e2b6a8 b is_immediateupdate
01e2b6a9 B disp_lcm_name
01e2b7ac B lcm_drv
01e2b7b0 b _lcdContext
01e2c784 b dbi_log_on
01e2c788 b s_isLcdPowerOn
01e2c789 b is_get_default_write_cycle
01e2c78c b default_write_cycle
01e2c790 b default_wst
01e2c794 b limit_w2m_speed
01e2c795 b limit_w2tvr_speed
01e2c798 B vsync_wait_time
01e2c79c B wait_time
01e2c7a0 b dsiTmpBufBpp
01e2c7a4 b s_tmpBuffers
01e2c7bc B DDMS_capturing
01e2c7c0 b _dsiContext
01e2c944 b s_isDsiPowerOn
01e2c948 b mipitx_con0
01e2c94c b mipitx_con1
01e2c950 b mipitx_con3
01e2c954 b mipitx_con6
01e2c958 b mipitx_con8
01e2c95c b mipitx_con9
01e2c960 b lcm_params_for_clk_setting
01e2caf8 b dpiTmpBufBpp
01e2cafc b s_tmpBuffers
01e2cb14 b regBackup
01e2cbcc b s_isDpiPowerOn
01e2cbd0 b dpiIntCallback
01e2cbd4 b logo_cust_if
01e2cbd8 b bl_switch_timer
01e2cbdc B capacity_zero_index
01e2cbe0 B capacity_zero
01e2cbe4 B charging_animation_index
01e2cbe8 B charging_low_index
01e2cbec B top_animation_addr
01e2e53c B percent_pic_addr
01e2f97c B line_pic_addr
01e2fa8a B number_pic_addr
01e30a94 b mt_part_buf
01e30a98 b mt_part_dev
01e30a9c B lastest_part
01e3185c B tempart
01e3186c B g_first_check
01e31870 B g_charger_in_flag
01e31874 B g_ret
01e31878 b batteryVoltageBuffer
01e318f0 b batteryCurrentBuffer
01e31968 b batterySOCBuffer
01e319e0 b batteryVoltageSum
01e319e4 b batteryCurrentSum
01e319e8 b batterySOCSum
01e319ec b batteryIndex
01e319f0 b CHR_Type_num
01e319f4 B get_pmic_flag
01e319f8 B user_view_flag
01e319fc B bl_switch
01e31a00 B charger_ov_boot_display
01e31a04 B low_bat_boot_display
01e31a08 B getVoltFlag
01e31a0c B bat_volt_check_point
01e31a10 B bl_switch_timer
01e31a14 B g_HW_stop_charging
01e31a18 B prog_temp
01e31a1c B bat_volt_cp_flag
01e31a20 B g_chr_event
01e31a24 B g_BatteryAverageCurrent
01e31a28 B post_charging_time
01e31a2c B g_E1_vbat_sense
01e31a30 B g_eco_version
01e31a34 B gADC_I_SENSE_offset
01e31a38 B gADC_I_SENSE_temp
01e31a3c B gADC_BAT_SENSE_temp
01e31a40 B g_bat_temperature_pre
01e31a44 B CS_DET
01e31a48 B VBAT_CV_DET
01e31a4c B CSDAC_DAT
01e31a50 B save_value
01e31a54 B g_SW_CHR_OUT_EN
01e31a58 B g_Charging_Over_Time
01e31a5c B g_HW_Charging_Done
01e31a60 B batteryBufferFirst
01e31a64 B g_Battery_Fail
01e31a68 B g_bat_full_user_view
01e31a6c B BMT_status
01e31ac8 b pi
01e31acc B lastest_part32
01e326ac B backup_buf
01e32eac B page_buf
01e33f2c b CUST_IF.3144
01e33f40 b lcm_util
01e33f8c b params
01e33f90 b pGD
01e33f94 b console_col
01e33f98 b console_row
01e33f9c b video_console_address
01e33fa0 b video_fb_address
01e33fa4 b eorx
01e33fa8 b bgx
01e33fac b fgx
01e33fb0 A _end
