Archive member included because of file (symbol)

arch/arm/lib/libarm.a(board.o)
                              arch/arm/cpu/arm_cortexa9/start.o (start_armboot)
arch/arm/lib/libarm.a(interrupts.o)
                              arch/arm/lib/libarm.a(board.o) (interrupt_init)
common/libcommon.a(cmd_boot.o)
                              (__u_boot_cmd_msdc_boot)
common/libcommon.a(cmd_help.o)
                              (__u_boot_cmd_question_mark)
common/libcommon.a(cmd_nvedit.o)
                              arch/arm/lib/libarm.a(board.o) (getenv_r)
common/libcommon.a(cmd_version.o)
                              (__u_boot_cmd_version)
common/libcommon.a(command.o)
                              common/libcommon.a(cmd_nvedit.o) (cmd_usage)
common/libcommon.a(console.o)
                              arch/arm/lib/libarm.a(board.o) (printf)
common/libcommon.a(dlmalloc.o)
                              arch/arm/lib/libarm.a(board.o) (mem_malloc_init)
common/libcommon.a(env_common.o)
                              common/libcommon.a(cmd_nvedit.o) (env_crc_update)
common/libcommon.a(env_nowhere.o)
                              common/libcommon.a(env_common.o) (env_relocate_spec)
common/libcommon.a(exports.o)
                              arch/arm/lib/libarm.a(board.o) (jumptable_init)
common/libcommon.a(main.o)    arch/arm/lib/libarm.a(board.o) (main_loop)
common/libcommon.a(stdio.o)   common/libcommon.a(console.o) (stdio_get_list)
common/libcommon.a(cmd_bootm.o)
                              common/libcommon.a(cmd_nvedit.o) (load_addr)
../../../mediatek/platform/mt6577/uboot/libmt6577.a(mt6577.o)
                              arch/arm/lib/libarm.a(board.o) (mt65xx_sw_env)
../../../mediatek/platform/mt6577/uboot/libmt6577.a(mt6577_board.o)
                              arch/arm/lib/libarm.a(board.o) (board_init)
../../../mediatek/platform/mt6577/uboot/libmt6577.a(mt65xx_leds.o)
                              ../../../mediatek/platform/mt6577/uboot/libmt6577.a(mt6577_board.o) (isink0_init)
../../../mediatek/platform/mt6577/uboot/libmt6577.a(boot_mode.o)
                              arch/arm/lib/libarm.a(board.o) (g_boot_mode)
../../../mediatek/platform/mt6577/uboot/libmt6577.a(load_image.o)
                              ../../../mediatek/platform/mt6577/uboot/libmt6577.a(mt6577_board.o) (mboot_common_load_logo)
../../../mediatek/platform/mt6577/uboot/libmt6577.a(mmc_core.o)
                              ../../../mediatek/platform/mt6577/uboot/libmt6577.a(mt6577_board.o) (mmc_legacy_init)
../../../mediatek/platform/mt6577/uboot/libmt6577.a(msdc_utils.o)
                              ../../../mediatek/platform/mt6577/uboot/libmt6577.a(mmc_core.o) (msdc_uffs)
../../../mediatek/platform/mt6577/uboot/libmt6577.a(msdc.o)
                              ../../../mediatek/platform/mt6577/uboot/libmt6577.a(mmc_core.o) (msdc_set_timeout)
../../../mediatek/platform/mt6577/uboot/libmt6577.a(mtk_serial.o)
                              common/libcommon.a(cmd_nvedit.o) (serial_setbrg)
../../../mediatek/platform/mt6577/uboot/libmt6577.a(mtk_timer.o)
                              arch/arm/lib/libarm.a(board.o) (get_timer)
../../../mediatek/platform/mt6577/uboot/libmt6577.a(mt6577_meta.o)
                              ../../../mediatek/platform/mt6577/uboot/libmt6577.a(boot_mode.o) (meta_detection)
../../../mediatek/platform/mt6577/uboot/libmt6577.a(mt6577_recovery.o)
                              ../../../mediatek/platform/mt6577/uboot/libmt6577.a(mt6577.o) (recovery_detection)
../../../mediatek/platform/mt6577/uboot/libmt6577.a(mt6577_factory.o)
                              ../../../mediatek/platform/mt6577/uboot/libmt6577.a(boot_mode.o) (factory_detection)
../../../mediatek/platform/mt6577/uboot/libmt6577.a(mtk_wdt.o)
                              ../../../mediatek/platform/mt6577/uboot/libmt6577.a(mt6577_board.o) (mtk_wdt_init)
../../../mediatek/platform/mt6577/uboot/libmt6577.a(mt6577_gpio.o)
                              ../../../mediatek/platform/mt6577/uboot/libmt6577.a(mt65xx_leds.o) (mt_set_gpio_dir)
../../../mediatek/platform/mt6577/uboot/libmt6577.a(mt6577_gpio_init.o)
                              ../../../mediatek/platform/mt6577/uboot/libmt6577.a(mt6577_board.o) (mt_gpio_set_default)
../../../mediatek/platform/mt6577/uboot/libmt6577.a(mt6577_pwm.o)
                              ../../../mediatek/platform/mt6577/uboot/libmt6577.a(mt65xx_leds.o) (mt_power_off)
../../../mediatek/platform/mt6577/uboot/libmt6577.a(mt65xx_disp_drv.o)
                              ../../../mediatek/platform/mt6577/uboot/libmt6577.a(mt6577_board.o) (mt65xx_disp_get_vram_size)
../../../mediatek/platform/mt6577/uboot/libmt6577.a(disp_drv.o)
                              ../../../mediatek/platform/mt6577/uboot/libmt6577.a(mt65xx_disp_drv.o) (lcm_params)
../../../mediatek/platform/mt6577/uboot/libmt6577.a(disp_assert_layer.o)
                              ../../../mediatek/platform/mt6577/uboot/libmt6577.a(disp_drv.o) (DAL_GetLayerSize)
[...]
Memory Configuration

Name             Origin             Length             Attributes
*default*        0x00000000         0xffffffff

Linker script and memory map

                0x00000000                . = 0x0
                0x00000000                . = ALIGN (0x4)

.text           0x01e00000      0x758
 arch/arm/cpu/arm_cortexa9/start.o(.text)
 .text          0x01e00000      0x420 arch/arm/cpu/arm_cortexa9/start.o
                0x01e00000                _start
                0x01e00040                _end_vect
                0x01e00044                _armboot_start
                0x01e00048                _bss_start
                0x01e0004c                _bss_end
                0x01e00050                BOOT_ARGUMENT_LOCATION
                0x01e003b8                v7_invalidate_dcache_all
 *(.text)
 .text          0x01e00420       0x30 ../../../mediatek/platform/mt6577/uboot/libmt6577.a(lowlevel_init.o)
                0x01e00424                lowlevel_init
 .text          0x01e00450       0x1c /home/sanek9/core/fly_dev/bootable/bootloader/uboot/arch/arm/lib/libgcc.a(_ashldi3.o)
                0x01e00450                __ashldi3
                0x01e00450                __aeabi_llsl
 *fill*         0x01e0046c       0x14 00
 .text          0x01e00480      0x140 /home/sanek9/core/fly_dev/bootable/bootloader/uboot/arch/arm/lib/libgcc.a(_divsi3.o)
                0x01e00480                __aeabi_idiv
                0x01e00480                __divsi3
 .text          0x01e005c0       0x1c /home/sanek9/core/fly_dev/bootable/bootloader/uboot/arch/arm/lib/libgcc.a(_lshrdi3.o)
                0x01e005c0                __aeabi_llsr
                0x01e005c0                __lshrdi3
 .text          0x01e005dc       0xc8 /home/sanek9/core/fly_dev/bootable/bootloader/uboot/arch/arm/lib/libgcc.a(_udivsi3.o)
                0x01e005dc                __udivsi3
                0x01e005dc                __aeabi_uidiv
                0x01e00674                __aeabi_uidivmod
                0x01e0068c                __aeabi_idivmod
 .text          0x01e006a4       0xb4 /home/sanek9/core/fly_dev/bootable/bootloader/uboot/arch/arm/lib/libgcc.a(_umodsi3.o)
                0x01e006a4                __umodsi3

.glue_7         0x01e00758        0x0
 .glue_7        0x00000000        0x0 linker stubs

.glue_7t        0x01e00758        0x0
 .glue_7t       0x00000000        0x0 linker stubs

.vfp11_veneer   0x01e00758        0x0
 .vfp11_veneer  0x00000000        0x0 linker stubs

.v4_bx          0x01e00758        0x0
 .v4_bx         0x00000000        0x0 linker stubs

.text.display_banner
                0x01e00758       0x34
 .text.display_banner
                0x01e00758       0x34 arch/arm/lib/libarm.a(board.o)

.text.display_dram_config
                0x01e0078c       0x7c
 .text.display_dram_config
                0x01e0078c       0x7c arch/arm/lib/libarm.a(board.o)

.text.init_baudrate
                0x01e00808       0x58
 .text.init_baudrate
                0x01e00808       0x58 arch/arm/lib/libarm.a(board.o)

.text.hang      0x01e00860       0x18
 .text.hang     0x01e00860       0x18 arch/arm/lib/libarm.a(board.o)
                0x01e00860                hang

.text.start_armboot
                0x01e00878      0x25c
 .text.start_armboot
                0x01e00878      0x25c arch/arm/lib/libarm.a(board.o)
                0x01e00878                start_armboot

.text.disable_interrupts
                0x01e00ad4        0x8
 .text.disable_interrupts
                0x01e00ad4        0x8 arch/arm/lib/libarm.a(interrupts.o)
                0x01e00ad4                disable_interrupts

.text.show_regs
                0x01e00adc      0x174
 .text.show_regs
                0x01e00adc      0x174 arch/arm/lib/libarm.a(interrupts.o)
                0x01e00adc                show_regs

.text.interrupt_init
                0x01e00c50        0x8
 .text.interrupt_init
                0x01e00c50        0x8 arch/arm/lib/libarm.a(interrupts.o)
                0x01e00c50                interrupt_init

.text.reset_cpu
                0x01e00c58        0x4
 .text.reset_cpu
                0x01e00c58        0x4 arch/arm/lib/libarm.a(interrupts.o)
                0x01e00c58                reset_cpu

.text.bad_mode  0x01e00c5c       0x20
 .text.bad_mode
                0x01e00c5c       0x20 arch/arm/lib/libarm.a(interrupts.o)
                0x01e00c5c                bad_mode

.text.do_irq    0x01e00c7c       0x28
 .text.do_irq   0x01e00c7c       0x28 arch/arm/lib/libarm.a(interrupts.o)
                0x01e00c7c                do_irq

.text.do_fiq    0x01e00ca4       0x28
 .text.do_fiq   0x01e00ca4       0x28 arch/arm/lib/libarm.a(interrupts.o)
                0x01e00ca4                do_fiq

.text.do_not_used
                0x01e00ccc       0x28
 .text.do_not_used
                0x01e00ccc       0x28 arch/arm/lib/libarm.a(interrupts.o)
                0x01e00ccc                do_not_used

.text.do_data_abort
                0x01e00cf4       0x28
 .text.do_data_abort
                0x01e00cf4       0x28 arch/arm/lib/libarm.a(interrupts.o)
                0x01e00cf4                do_data_abort

.text.do_prefetch_abort
                0x01e00d1c       0x28
 .text.do_prefetch_abort
                0x01e00d1c       0x28 arch/arm/lib/libarm.a(interrupts.o)
                0x01e00d1c                do_prefetch_abort

.text.do_software_interrupt
                0x01e00d44       0x28
 .text.do_software_interrupt
                0x01e00d44       0x28 arch/arm/lib/libarm.a(interrupts.o)
                0x01e00d44                do_software_interrupt

.text.do_undefined_instruction
                0x01e00d6c       0x28
 .text.do_undefined_instruction
                0x01e00d6c       0x28 arch/arm/lib/libarm.a(interrupts.o)
                0x01e00d6c                do_undefined_instruction

.text.do_help   0x01e00d94       0x58
 .text.do_help  0x01e00d94       0x58 common/libcommon.a(cmd_help.o)
                0x01e00d94                do_help

.text.envmatch  0x01e00dec       0x64
 .text.envmatch
                0x01e00dec       0x64 common/libcommon.a(cmd_nvedit.o)
                0x01e00dec                envmatch

.text.getenv_r  0x01e00e50       0xa8
 .text.getenv_r
                0x01e00e50       0xa8 common/libcommon.a(cmd_nvedit.o)
                0x01e00e50                getenv_r

.text.getenv    0x01e00ef8       0x74
 .text.getenv   0x01e00ef8       0x74 common/libcommon.a(cmd_nvedit.o)
                0x01e00ef8                getenv

.text._do_setenv
                0x01e00f6c      0x438
 .text._do_setenv
                0x01e00f6c      0x438 common/libcommon.a(cmd_nvedit.o)
                0x01e00f6c                _do_setenv

.text.do_setenv
                0x01e013a4       0x2c
 .text.do_setenv
                0x01e013a4       0x2c common/libcommon.a(cmd_nvedit.o)
                0x01e013a4                do_setenv

.text.setenv    0x01e013d0       0x50
 .text.setenv   0x01e013d0       0x50 common/libcommon.a(cmd_nvedit.o)
                0x01e013d0                setenv

.text.printenv  0x01e01420       0xec
 .text.printenv
                0x01e01420       0xec common/libcommon.a(cmd_nvedit.o)

.text.do_printenv
                0x01e0150c       0xa0
 .text.do_printenv
                0x01e0150c       0xa0 common/libcommon.a(cmd_nvedit.o)
                0x01e0150c                do_printenv

.text.do_version
                0x01e015ac       0x34
 .text.do_version
                0x01e015ac       0x34 common/libcommon.a(cmd_version.o)
                0x01e015ac                do_version

.text.find_cmd_tbl
                0x01e015e0       0x94
 .text.find_cmd_tbl
                0x01e015e0       0x94 common/libcommon.a(command.o)
                0x01e015e0                find_cmd_tbl

.text.find_cmd  0x01e01674       0x3c
 .text.find_cmd
                0x01e01674       0x3c common/libcommon.a(command.o)
                0x01e01674                find_cmd

.text.cmd_usage
                0x01e016b0       0x6c
 .text.cmd_usage
                0x01e016b0       0x6c common/libcommon.a(command.o)
                0x01e016b0                cmd_usage

.text._do_help  0x01e0171c      0x198
 .text._do_help
                0x01e0171c      0x198 common/libcommon.a(command.o)
                0x01e0171c                _do_help

.text.console_setfile
                0x01e018b4       0xb8
 .text.console_setfile
                0x01e018b4       0xb8 common/libcommon.a(console.o)

.text.fgetc     0x01e0196c       0x3c
 .text.fgetc    0x01e0196c       0x3c common/libcommon.a(console.o)
                0x01e0196c                fgetc

.text.ftstc     0x01e019a8       0x3c
 .text.ftstc    0x01e019a8       0x3c common/libcommon.a(console.o)
                0x01e019a8                ftstc

.text.fputc     0x01e019e4       0x3c
 .text.fputc    0x01e019e4       0x3c common/libcommon.a(console.o)
                0x01e019e4                fputc

.text.fputs     0x01e01a20       0x3c
 .text.fputs    0x01e01a20       0x3c common/libcommon.a(console.o)
                0x01e01a20                fputs

.text.getc      0x01e01a5c       0x18
 .text.getc     0x01e01a5c       0x18 common/libcommon.a(console.o)
                0x01e01a5c                getc

.text.tstc      0x01e01a74       0x18
 .text.tstc     0x01e01a74       0x18 common/libcommon.a(console.o)
                0x01e01a74                tstc

.text.putc      0x01e01a8c       0x20
 .text.putc     0x01e01a8c       0x20 common/libcommon.a(console.o)
                0x01e01a8c                putc

.text.puts      0x01e01aac       0x1c
 .text.puts     0x01e01aac       0x1c common/libcommon.a(console.o)
                0x01e01aac                puts

.text.printf    0x01e01ac8       0x38
 .text.printf   0x01e01ac8       0x38 common/libcommon.a(console.o)
                0x01e01ac8                printf

.text.vprintf   0x01e01b00       0x2c
 .text.vprintf  0x01e01b00       0x2c common/libcommon.a(console.o)
                0x01e01b00                vprintf

.text.ctrlc     0x01e01b2c       0x50
 .text.ctrlc    0x01e01b2c       0x50 common/libcommon.a(console.o)
                0x01e01b2c                ctrlc

.text.had_ctrlc
                0x01e01b7c       0x14
 .text.had_ctrlc
                0x01e01b7c       0x14 common/libcommon.a(console.o)
                0x01e01b7c                had_ctrlc

.text.clear_ctrlc
                0x01e01b90       0x18
 .text.clear_ctrlc
                0x01e01b90       0x18 common/libcommon.a(console.o)
                0x01e01b90                clear_ctrlc

.text.search_device
                0x01e01ba8       0x28
 .text.search_device
                0x01e01ba8       0x28 common/libcommon.a(console.o)
                0x01e01ba8                search_device

.text.console_assign
                0x01e01bd0       0x40
 .text.console_assign
                0x01e01bd0       0x40 common/libcommon.a(console.o)
                0x01e01bd0                console_assign

.text.console_init_f
                0x01e01c10       0x10
 .text.console_init_f
                0x01e01c10       0x10 common/libcommon.a(console.o)
                0x01e01c10                console_init_f

.text.sbrk      0x01e01c20       0x60
 .text.sbrk     0x01e01c20       0x60 common/libcommon.a(dlmalloc.o)
                0x01e01c20                sbrk

.text.mem_malloc_init
                0x01e01c80       0x54
 .text.mem_malloc_init
                0x01e01c80       0x54 common/libcommon.a(dlmalloc.o)
                0x01e01c80                mem_malloc_init

.text.malloc_trim
                0x01e01cd4       0xec
 .text.malloc_trim
                0x01e01cd4       0xec common/libcommon.a(dlmalloc.o)
                0x01e01cd4                malloc_trim

.text.free      0x01e01dc0      0x254
 .text.free     0x01e01dc0      0x254 common/libcommon.a(dlmalloc.o)
                0x01e01dc0                free

.text.malloc    0x01e02014      0x6a4
 .text.malloc   0x01e02014      0x6a4 common/libcommon.a(dlmalloc.o)
                0x01e02014                malloc

.text.calloc    0x01e026b8       0xd8
 .text.calloc   0x01e026b8       0xd8 common/libcommon.a(dlmalloc.o)
                0x01e026b8                calloc

.text.env_crc_update
                0x01e02790       0x3c
 .text.env_crc_update
                0x01e02790       0x3c common/libcommon.a(env_common.o)
                0x01e02790                env_crc_update

.text.env_get_char_memory
                0x01e027cc       0x34
 .text.env_get_char_memory
                0x01e027cc       0x34 common/libcommon.a(env_common.o)
                0x01e027cc                env_get_char_memory

.text.env_get_char
                0x01e02800       0x40
 .text.env_get_char
                0x01e02800       0x40 common/libcommon.a(env_common.o)
                0x01e02800                env_get_char

.text.env_get_addr
                0x01e02840       0x34
 .text.env_get_addr
                0x01e02840       0x34 common/libcommon.a(env_common.o)
                0x01e02840                env_get_addr

.text.set_default_env
                0x01e02874       0x58
 .text.set_default_env
                0x01e02874       0x58 common/libcommon.a(env_common.o)
                0x01e02874                set_default_env

.text.env_relocate
                0x01e028cc       0x60
 .text.env_relocate
                0x01e028cc       0x60 common/libcommon.a(env_common.o)
                0x01e028cc                env_relocate

.text.env_relocate_spec
                0x01e0292c        0x4
 .text.env_relocate_spec
                0x01e0292c        0x4 common/libcommon.a(env_nowhere.o)
                0x01e0292c                env_relocate_spec

.text.env_get_char_spec
                0x01e02930        0xc
 .text.env_get_char_spec
                0x01e02930        0xc common/libcommon.a(env_nowhere.o)
                0x01e02930                env_get_char_spec

.text.env_init  0x01e0293c       0x28
 .text.env_init
                0x01e0293c       0x28 common/libcommon.a(env_nowhere.o)
                0x01e0293c                env_init

.text.dummy     0x01e02964        0x4
 .text.dummy    0x01e02964        0x4 common/libcommon.a(exports.o)

.text.get_version
                0x01e02968        0x8
 .text.get_version
                0x01e02968        0x8 common/libcommon.a(exports.o)
                0x01e02968                get_version

.text.jumptable_init
                0x01e02970      0x1dc
 .text.jumptable_init
                0x01e02970      0x1dc common/libcommon.a(exports.o)
                0x01e02970                jumptable_init

.text.delete_char.part.1
                0x01e02b4c       0xf0
 .text.delete_char.part.1
                0x01e02b4c       0xf0 common/libcommon.a(main.o)

.text.readline_into_buffer
                0x01e02c3c      0x1ec
 .text.readline_into_buffer
                0x01e02c3c      0x1ec common/libcommon.a(main.o)
                0x01e02c3c                readline_into_buffer

.text.readline  0x01e02e28       0x24
 .text.readline
                0x01e02e28       0x24 common/libcommon.a(main.o)
                0x01e02e28                readline

.text.parse_line
                0x01e02e4c       0x90
 .text.parse_line
                0x01e02e4c       0x90 common/libcommon.a(main.o)
                0x01e02e4c                parse_line

.text.run_command
                0x01e02edc      0x37c
 .text.run_command
                0x01e02edc      0x37c common/libcommon.a(main.o)
                0x01e02edc                run_command

.text.main_loop
                0x01e03258      0x110
 .text.main_loop
                0x01e03258      0x110 common/libcommon.a(main.o)
                0x01e03258                main_loop

.text.stdio_get_by_name
                0x01e03368       0x54
 .text.stdio_get_by_name
                0x01e03368       0x54 common/libcommon.a(stdio.o)
                0x01e03368                stdio_get_by_name

.text.stdio_clone
                0x01e033bc       0x48
 .text.stdio_clone
                0x01e033bc       0x48 common/libcommon.a(stdio.o)
                0x01e033bc                stdio_clone

.text.stdio_register
                0x01e03404       0x48
 .text.stdio_register
                0x01e03404       0x48 common/libcommon.a(stdio.o)
                0x01e03404                stdio_register

.text.stdio_init
                0x01e0344c       0xb0
 .text.stdio_init
                0x01e0344c       0xb0 common/libcommon.a(stdio.o)
                0x01e0344c                stdio_init

.text.system_init
                0x01e034fc       0x10
 .text.system_init
                0x01e034fc       0x10 ../../../mediatek/platform/mt6577/uboot/libmt6577.a(mt6577.o)
                0x01e034fc                system_init

.text.mt65xx_sw_env
                0x01e0350c       0x2c
 .text.mt65xx_sw_env
                0x01e0350c       0x2c ../../../mediatek/platform/mt6577/uboot/libmt6577.a(mt6577.o)
                0x01e0350c                mt65xx_sw_env

.text.dram_init
                0x01e03538      0x1e8
 .text.dram_init
                0x01e03538      0x1e8 ../../../mediatek/platform/mt6577/uboot/libmt6577.a(mt6577.o)
                0x01e03538                dram_init

.text.get_bank_nr
                0x01e03720       0x10
 .text.get_bank_nr
                0x01e03720       0x10 ../../../mediatek/platform/mt6577/uboot/libmt6577.a(mt6577.o)
                0x01e03720                get_bank_nr

.text.memory_size
                0x01e03730       0x44
 .text.memory_size
                0x01e03730       0x44 ../../../mediatek/platform/mt6577/uboot/libmt6577.a(mt6577.o)
                0x01e03730                memory_size

.text.board_init
                0x01e03774       0xfc
 .text.board_init
                0x01e03774       0xfc ../../../mediatek/platform/mt6577/uboot/libmt6577.a(mt6577_board.o)
                0x01e03774                board_init

.text.misc_init_r
                0x01e03870      0x140
 .text.misc_init_r
                0x01e03870      0x140 ../../../mediatek/platform/mt6577/uboot/libmt6577.a(mt6577_board.o)
                0x01e03870                misc_init_r

.text.get_board_rev
                0x01e039b0        0xc
 .text.get_board_rev
                0x01e039b0        0xc ../../../mediatek/platform/mt6577/uboot/libmt6577.a(mt6577_board.o)
                0x01e039b0                get_board_rev

.text.mt65xx_leds_brightness_set
                0x01e039bc      0x4b8
 .text.mt65xx_leds_brightness_set
                0x01e039bc      0x4b8 ../../../mediatek/platform/mt6577/uboot/libmt6577.a(mt65xx_leds.o)
                0x01e039bc                mt65xx_leds_brightness_set

.text.leds_battery_full_charging
                0x01e03e74       0x2c
 .text.leds_battery_full_charging
                0x01e03e74       0x2c ../../../mediatek/platform/mt6577/uboot/libmt6577.a(mt65xx_leds.o)
                0x01e03e74                leds_battery_full_charging

.text.leds_battery_low_charging
                0x01e03ea0       0x2c
 .text.leds_battery_low_charging
                0x01e03ea0       0x2c ../../../mediatek/platform/mt6577/uboot/libmt6577.a(mt65xx_leds.o)
                0x01e03ea0                leds_battery_low_charging

.text.leds_battery_medium_charging
                0x01e03ecc       0x2c
 .text.leds_battery_medium_charging
                0x01e03ecc       0x2c ../../../mediatek/platform/mt6577/uboot/libmt6577.a(mt65xx_leds.o)
                0x01e03ecc                leds_battery_medium_charging

.text.isink0_init
                0x01e03ef8       0x40
 .text.isink0_init
                0x01e03ef8       0x40 ../../../mediatek/platform/mt6577/uboot/libmt6577.a(mt65xx_leds.o)
                0x01e03ef8                isink0_init

.text.mt65xx_backlight_on
                0x01e03f38       0x24
 .text.mt65xx_backlight_on
                0x01e03f38       0x24 ../../../mediatek/platform/mt6577/uboot/libmt6577.a(mt65xx_leds.o)
                0x01e03f38                mt65xx_backlight_on

.text.mt65xx_backlight_off
                0x01e03f5c       0x24
 .text.mt65xx_backlight_off
                0x01e03f5c       0x24 ../../../mediatek/platform/mt6577/uboot/libmt6577.a(mt65xx_leds.o)
                0x01e03f5c                mt65xx_backlight_off

.text.leds_init
                0x01e03f80       0x1c
 .text.leds_init
                0x01e03f80       0x1c ../../../mediatek/platform/mt6577/uboot/libmt6577.a(mt65xx_leds.o)
                0x01e03f80                leds_init

.text.meta_mode_check
                0x01e03f9c       0x40
 .text.meta_mode_check
                0x01e03f9c       0x40 ../../../mediatek/platform/mt6577/uboot/libmt6577.a(boot_mode.o)
                0x01e03f9c                meta_mode_check

.text.boot_mode_select
                0x01e03fdc       0x60
 .text.boot_mode_select
                0x01e03fdc       0x60 ../../../mediatek/platform/mt6577/uboot/libmt6577.a(boot_mode.o)
                0x01e03fdc                boot_mode_select

.text.get_chip_eco_ver
                0x01e0403c        0xc
 .text.get_chip_eco_ver
                0x01e0403c        0xc ../../../mediatek/platform/mt6577/uboot/libmt6577.a(boot_mode.o)
                0x01e0403c                get_chip_eco_ver

.text.get_chip_ver
                0x01e04048       0x60
 .text.get_chip_ver
                0x01e04048       0x60 ../../../mediatek/platform/mt6577/uboot/libmt6577.a(boot_mode.o)
                0x01e04048                get_chip_ver

.text.mboot_common_load_part
                0x01e040a8      0x20c
 .text.mboot_common_load_part
                0x01e040a8      0x20c ../../../mediatek/platform/mt6577/uboot/libmt6577.a(load_image.o)
                0x01e040a8                mboot_common_load_part

.text.mboot_common_load_logo
                0x01e042b4       0x14
 .text.mboot_common_load_logo
                0x01e042b4       0x14 ../../../mediatek/platform/mt6577/uboot/libmt6577.a(load_image.o)
                0x01e042b4                mboot_common_load_logo

.text.mboot_android_check_img_info
                0x01e042c8       0xf8
 .text.mboot_android_check_img_info
                0x01e042c8       0xf8 ../../../mediatek/platform/mt6577/uboot/libmt6577.a(load_image.o)
                0x01e042c8                mboot_android_check_img_info

.text.mboot_android_load_bootimg_hdr
                0x01e043c0      0x2ac
 .text.mboot_android_load_bootimg_hdr
                0x01e043c0      0x2ac ../../../mediatek/platform/mt6577/uboot/libmt6577.a(load_image.o)
                0x01e043c0                mboot_android_load_bootimg_hdr

.text.mboot_android_load_recoveryimg_hdr
                0x01e0466c      0x25c
 .text.mboot_android_load_recoveryimg_hdr
                0x01e0466c      0x25c ../../../mediatek/platform/mt6577/uboot/libmt6577.a(load_image.o)
                0x01e0466c                mboot_android_load_recoveryimg_hdr

.text.mboot_android_load_factoryimg_hdr
                0x01e048c8      0x1bc
 .text.mboot_android_load_factoryimg_hdr
                0x01e048c8      0x1bc ../../../mediatek/platform/mt6577/uboot/libmt6577.a(load_image.o)
                0x01e048c8                mboot_android_load_factoryimg_hdr

.text.mboot_android_load_bootimg
                0x01e04a84      0x18c
 .text.mboot_android_load_bootimg
                0x01e04a84      0x18c ../../../mediatek/platform/mt6577/uboot/libmt6577.a(load_image.o)
                0x01e04a84                mboot_android_load_bootimg

.text.mboot_android_load_recoveryimg
                0x01e04c10      0x18c
 .text.mboot_android_load_recoveryimg
                0x01e04c10      0x18c ../../../mediatek/platform/mt6577/uboot/libmt6577.a(load_image.o)
                0x01e04c10                mboot_android_load_recoveryimg

.text.mboot_android_load_factoryimg
                0x01e04d9c       0x98
 .text.mboot_android_load_factoryimg
                0x01e04d9c       0x98 ../../../mediatek/platform/mt6577/uboot/libmt6577.a(load_image.o)
                0x01e04d9c                mboot_android_load_factoryimg

.text.mboot_recovery_load_raw_part
                0x01e04e34       0xac
 .text.mboot_recovery_load_raw_part
                0x01e04e34       0xac ../../../mediatek/platform/mt6577/uboot/libmt6577.a(load_image.o)
                0x01e04e34                mboot_recovery_load_raw_part

.text.mboot_recovery_load_misc
                0x01e04ee0       0x4c
 .text.mboot_recovery_load_misc
                0x01e04ee0       0x4c ../../../mediatek/platform/mt6577/uboot/libmt6577.a(load_image.o)
                0x01e04ee0                mboot_recovery_load_misc

.text.unstuff_bits
                0x01e04f2c       0x40
 .text.unstuff_bits
                0x01e04f2c       0x40 ../../../mediatek/platform/mt6577/uboot/libmt6577.a(mmc_core.o)

.text.mmc_cmd   0x01e04f6c       0x30
 .text.mmc_cmd  0x01e04f6c       0x30 ../../../mediatek/platform/mt6577/uboot/libmt6577.a(mmc_core.o)

.text.mmc_send_if_cond
                0x01e04f9c       0x70
 .text.mmc_send_if_cond
                0x01e04f9c       0x70 ../../../mediatek/platform/mt6577/uboot/libmt6577.a(mmc_core.o)

.text.mmc_app_cmd
                0x01e0500c       0x74
 .text.mmc_app_cmd
                0x01e0500c       0x74 ../../../mediatek/platform/mt6577/uboot/libmt6577.a(mmc_core.o)

.text.mmc_send_app_op_cond
                0x01e05080       0x8c
 .text.mmc_send_app_op_cond
                0x01e05080       0x8c ../../../mediatek/platform/mt6577/uboot/libmt6577.a(mmc_core.o)

.text.mmc_send_op_cond
                0x01e0510c       0x94
 .text.mmc_send_op_cond
                0x01e0510c       0x94 ../../../mediatek/platform/mt6577/uboot/libmt6577.a(mmc_core.o)

.text.mmc_virt_to_phys
                0x01e051a0       0x6c
 .text.mmc_virt_to_phys
                0x01e051a0       0x6c ../../../mediatek/platform/mt6577/uboot/libmt6577.a(mmc_core.o)

.text.mmc_sd_switch.isra.0.constprop.3
                0x01e0520c      0x108
 .text.mmc_sd_switch.isra.0.constprop.3
                0x01e0520c      0x108 ../../../mediatek/platform/mt6577/uboot/libmt6577.a(mmc_core.o)

.text.mmc_get_host
                0x01e05314       0x1c
 .text.mmc_get_host
                0x01e05314       0x1c ../../../mediatek/platform/mt6577/uboot/libmt6577.a(mmc_core.o)
                0x01e05314                mmc_get_host

.text.mmc_get_card
                0x01e05330       0x1c
 .text.mmc_get_card
                0x01e05330       0x1c ../../../mediatek/platform/mt6577/uboot/libmt6577.a(mmc_core.o)
                0x01e05330                mmc_get_card

.text.mmc_addr_trans_tbl_init
                0x01e0534c      0x238
 .text.mmc_addr_trans_tbl_init
                0x01e0534c      0x238 ../../../mediatek/platform/mt6577/uboot/libmt6577.a(mmc_core.o)
                0x01e0534c                mmc_addr_trans_tbl_init

.text.mmc_go_idle
                0x01e05584       0x38
 .text.mmc_go_idle
                0x01e05584       0x38 ../../../mediatek/platform/mt6577/uboot/libmt6577.a(mmc_core.o)
                0x01e05584                mmc_go_idle

.text.mmc_send_status
                0x01e055bc       0x54
 .text.mmc_send_status
                0x01e055bc       0x54 ../../../mediatek/platform/mt6577/uboot/libmt6577.a(mmc_core.o)
                0x01e055bc                mmc_send_status

.text.mmc_select_card
                0x01e05610       0x44
 .text.mmc_select_card
                0x01e05610       0x44 ../../../mediatek/platform/mt6577/uboot/libmt6577.a(mmc_core.o)
                0x01e05610                mmc_select_card

.text.mmc_switch
                0x01e05654       0xdc
 .text.mmc_switch
                0x01e05654       0xdc ../../../mediatek/platform/mt6577/uboot/libmt6577.a(mmc_core.o)
                0x01e05654                mmc_switch

.text.mmc_switch_hs
                0x01e05730       0x78
 .text.mmc_switch_hs
                0x01e05730       0x78 ../../../mediatek/platform/mt6577/uboot/libmt6577.a(mmc_core.o)
                0x01e05730                mmc_switch_hs

.text.mmc_read_ext_csd
                0x01e057a8      0x284
 .text.mmc_read_ext_csd
                0x01e057a8      0x284 ../../../mediatek/platform/mt6577/uboot/libmt6577.a(mmc_core.o)
                0x01e057a8                mmc_read_ext_csd

.text.mmc_switch_part
                0x01e05a2c       0xb8
 .text.mmc_switch_part
                0x01e05a2c       0xb8 ../../../mediatek/platform/mt6577/uboot/libmt6577.a(mmc_core.o)

.text.mmc_set_clock
                0x01e05ae4       0x2c
 .text.mmc_set_clock
                0x01e05ae4       0x2c ../../../mediatek/platform/mt6577/uboot/libmt6577.a(mmc_core.o)
                0x01e05ae4                mmc_set_clock

.text.mmc_dev_bwrite
                0x01e05b10      0x150
 .text.mmc_dev_bwrite
                0x01e05b10      0x150 ../../../mediatek/platform/mt6577/uboot/libmt6577.a(mmc_core.o)

.text.mmc_set_card_detect
                0x01e05c60       0x44
 .text.mmc_set_card_detect
                0x01e05c60       0x44 ../../../mediatek/platform/mt6577/uboot/libmt6577.a(mmc_core.o)
                0x01e05c60                mmc_set_card_detect

.text.mmc_set_blk_length
                0x01e05ca4       0x5c
 .text.mmc_set_blk_length
                0x01e05ca4       0x5c ../../../mediatek/platform/mt6577/uboot/libmt6577.a(mmc_core.o)
                0x01e05ca4                mmc_set_blk_length

.text.mmc_set_bus_width
                0x01e05d00      0x1bc
 .text.mmc_set_bus_width
                0x01e05d00      0x1bc ../../../mediatek/platform/mt6577/uboot/libmt6577.a(mmc_core.o)
                0x01e05d00                mmc_set_bus_width

.text.mmc_dev_bread
                0x01e05ebc      0x124
 .text.mmc_dev_bread
                0x01e05ebc      0x124 ../../../mediatek/platform/mt6577/uboot/libmt6577.a(mmc_core.o)
                0x01e05ebc                mmc_dev_bread

.text.mmc_block_read
                0x01e05fe0      0x114
 .text.mmc_block_read
                0x01e05fe0      0x114 ../../../mediatek/platform/mt6577/uboot/libmt6577.a(mmc_core.o)
                0x01e05fe0                mmc_block_read

.text.mmc_wrap_bread
                0x01e060f4       0x1c
 .text.mmc_wrap_bread
                0x01e060f4       0x1c ../../../mediatek/platform/mt6577/uboot/libmt6577.a(mmc_core.o)
                0x01e060f4                mmc_wrap_bread

.text.mmc_block_write
                0x01e06110      0x114
 .text.mmc_block_write
                0x01e06110      0x114 ../../../mediatek/platform/mt6577/uboot/libmt6577.a(mmc_core.o)
                0x01e06110                mmc_block_write

.text.mmc_wrap_bwrite
                0x01e06224       0x1c
 .text.mmc_wrap_bwrite
                0x01e06224       0x1c ../../../mediatek/platform/mt6577/uboot/libmt6577.a(mmc_core.o)
                0x01e06224                mmc_wrap_bwrite

.text.mmc_init_mem_card
                0x01e06240     0x1110
 .text.mmc_init_mem_card
                0x01e06240     0x1110 ../../../mediatek/platform/mt6577/uboot/libmt6577.a(mmc_core.o)
                0x01e06240                mmc_init_mem_card

.text.mmc_init_card
                0x01e07350      0x314
 .text.mmc_init_card
                0x01e07350      0x314 ../../../mediatek/platform/mt6577/uboot/libmt6577.a(mmc_core.o)
                0x01e07350                mmc_init_card

.text.mmc_init_host
                0x01e07664       0x28
 .text.mmc_init_host
                0x01e07664       0x28 ../../../mediatek/platform/mt6577/uboot/libmt6577.a(mmc_core.o)
                0x01e07664                mmc_init_host

.text.mmc_legacy_init
                0x01e0768c      0x198
 .text.mmc_legacy_init
                0x01e0768c      0x198 ../../../mediatek/platform/mt6577/uboot/libmt6577.a(mmc_core.o)
                0x01e0768c                mmc_legacy_init

.text.msdc_uffs
                0x01e07824       0x54
 .text.msdc_uffs
                0x01e07824       0x54 ../../../mediatek/platform/mt6577/uboot/libmt6577.a(msdc_utils.o)
                0x01e07824                msdc_uffs

.text.msdc_ntohl
                0x01e07878       0x2c
 .text.msdc_ntohl
                0x01e07878       0x2c ../../../mediatek/platform/mt6577/uboot/libmt6577.a(msdc_utils.o)
                0x01e07878                msdc_ntohl

.text.msdc_set_field
                0x01e078a4       0x2c
 .text.msdc_set_field
                0x01e078a4       0x2c ../../../mediatek/platform/mt6577/uboot/libmt6577.a(msdc_utils.o)
                0x01e078a4                msdc_set_field

.text.msdc_get_field
                0x01e078d0       0x28
 .text.msdc_get_field
                0x01e078d0       0x28 ../../../mediatek/platform/mt6577/uboot/libmt6577.a(msdc_utils.o)
                0x01e078d0                msdc_get_field

.text.msdc_flush_membuf
                0x01e078f8        0x4
 .text.msdc_flush_membuf
                0x01e078f8        0x4 ../../../mediatek/platform/mt6577/uboot/libmt6577.a(msdc.o)
                0x01e078f8                msdc_flush_membuf

.text.msdc_cal_checksum
                0x01e078fc       0x2c
 .text.msdc_cal_checksum
                0x01e078fc       0x2c ../../../mediatek/platform/mt6577/uboot/libmt6577.a(msdc.o)
                0x01e078fc                msdc_cal_checksum

.text.msdc_alloc_gpd
                0x01e07928       0xa8
 .text.msdc_alloc_gpd
                0x01e07928       0xa8 ../../../mediatek/platform/mt6577/uboot/libmt6577.a(msdc.o)
                0x01e07928                msdc_alloc_gpd

.text.msdc_alloc_bd
                0x01e079d0       0xb0
 .text.msdc_alloc_bd
                0x01e079d0       0xb0 ../../../mediatek/platform/mt6577/uboot/libmt6577.a(msdc.o)
                0x01e079d0                msdc_alloc_bd

.text.msdc_queue_bd
                0x01e07a80       0x4c
 .text.msdc_queue_bd
                0x01e07a80       0x4c ../../../mediatek/platform/mt6577/uboot/libmt6577.a(msdc.o)
                0x01e07a80                msdc_queue_bd

.text.msdc_add_gpd
                0x01e07acc       0x5c
 .text.msdc_add_gpd
                0x01e07acc       0x5c ../../../mediatek/platform/mt6577/uboot/libmt6577.a(msdc.o)
                0x01e07acc                msdc_add_gpd

.text.msdc_reset_gpd
                0x01e07b28       0x1c
 .text.msdc_reset_gpd
                0x01e07b28       0x1c ../../../mediatek/platform/mt6577/uboot/libmt6577.a(msdc.o)
                0x01e07b28                msdc_reset_gpd

.text.msdc_set_timeout
                0x01e07b44       0x5c
 .text.msdc_set_timeout
                0x01e07b44       0x5c ../../../mediatek/platform/mt6577/uboot/libmt6577.a(msdc.o)
                0x01e07b44                msdc_set_timeout

.text.msdc_set_blklen
                0x01e07ba0       0x58
 .text.msdc_set_blklen
                0x01e07ba0       0x58 ../../../mediatek/platform/mt6577/uboot/libmt6577.a(msdc.o)
                0x01e07ba0                msdc_set_blklen

.text.msdc_set_blknum
                0x01e07bf8        0xc
 .text.msdc_set_blknum
                0x01e07bf8        0xc ../../../mediatek/platform/mt6577/uboot/libmt6577.a(msdc.o)
                0x01e07bf8                msdc_set_blknum

.text.msdc_set_driving
                0x01e07c04       0x84
 .text.msdc_set_driving
                0x01e07c04       0x84 ../../../mediatek/platform/mt6577/uboot/libmt6577.a(msdc.o)
                0x01e07c04                msdc_set_driving

.text.msdc_set_autocmd
                0x01e07c88       0x1c
 .text.msdc_set_autocmd
                0x01e07c88       0x1c ../../../mediatek/platform/mt6577/uboot/libmt6577.a(msdc.o)
                0x01e07c88                msdc_set_autocmd

.text.msdc_abort
                0x01e07ca4       0xa0
 .text.msdc_abort
                0x01e07ca4       0xa0 ../../../mediatek/platform/mt6577/uboot/libmt6577.a(msdc.o)
                0x01e07ca4                msdc_abort

.text.msdc_intr_wait
                0x01e07d44       0x1c
 .text.msdc_intr_wait
                0x01e07d44       0x1c ../../../mediatek/platform/mt6577/uboot/libmt6577.a(msdc.o)
                0x01e07d44                msdc_intr_wait

.text.msdc_intr_unmask
                0x01e07d60       0x14
 .text.msdc_intr_unmask
                0x01e07d60       0x14 ../../../mediatek/platform/mt6577/uboot/libmt6577.a(msdc.o)
                0x01e07d60                msdc_intr_unmask

.text.msdc_send_cmd
                0x01e07d74      0x228
 .text.msdc_send_cmd
                0x01e07d74      0x228 ../../../mediatek/platform/mt6577/uboot/libmt6577.a(msdc.o)
                0x01e07d74                msdc_send_cmd

.text.msdc_wait_rsp
                0x01e07f9c      0x154
 .text.msdc_wait_rsp
                0x01e07f9c      0x154 ../../../mediatek/platform/mt6577/uboot/libmt6577.a(msdc.o)
                0x01e07f9c                msdc_wait_rsp

.text.msdc_sg_init
                0x01e080f0       0x64
 .text.msdc_sg_init
                0x01e080f0       0x64 ../../../mediatek/platform/mt6577/uboot/libmt6577.a(msdc.o)
                0x01e080f0                msdc_sg_init

.text.msdc_dma_init
                0x01e08154       0xa8
 .text.msdc_dma_init
                0x01e08154       0xa8 ../../../mediatek/platform/mt6577/uboot/libmt6577.a(msdc.o)
                0x01e08154                msdc_dma_init

.text.msdc_dma_cmd
                0x01e081fc       0x88
 .text.msdc_dma_cmd
                0x01e081fc       0x88 ../../../mediatek/platform/mt6577/uboot/libmt6577.a(msdc.o)
                0x01e081fc                msdc_dma_cmd

.text.msdc_dma_config
                0x01e08284      0x3c4
 .text.msdc_dma_config
                0x01e08284      0x3c4 ../../../mediatek/platform/mt6577/uboot/libmt6577.a(msdc.o)
                0x01e08284                msdc_dma_config

.text.msdc_dma_start
                0x01e08648       0x14
 .text.msdc_dma_start
                0x01e08648       0x14 ../../../mediatek/platform/mt6577/uboot/libmt6577.a(msdc.o)
                0x01e08648                msdc_dma_start

.text.msdc_dma_stop
                0x01e0865c       0x40
 .text.msdc_dma_stop
                0x01e0865c       0x40 ../../../mediatek/platform/mt6577/uboot/libmt6577.a(msdc.o)
                0x01e0865c                msdc_dma_stop

.text.msdc_dma_wait_done
                0x01e0869c       0xc0
 .text.msdc_dma_wait_done
                0x01e0869c       0xc0 ../../../mediatek/platform/mt6577/uboot/libmt6577.a(msdc.o)
                0x01e0869c                msdc_dma_wait_done

.text.msdc_pio_read_word
                0x01e0875c      0x130
 .text.msdc_pio_read_word
                0x01e0875c      0x130 ../../../mediatek/platform/mt6577/uboot/libmt6577.a(msdc.o)
                0x01e0875c                msdc_pio_read_word

.text.msdc_pio_read
                0x01e0888c       0x24
 .text.msdc_pio_read
                0x01e0888c       0x24 ../../../mediatek/platform/mt6577/uboot/libmt6577.a(msdc.o)
                0x01e0888c                msdc_pio_read

.text.msdc_config_clksrc
                0x01e088b0       0x88
 .text.msdc_config_clksrc
                0x01e088b0       0x88 ../../../mediatek/platform/mt6577/uboot/libmt6577.a(msdc.o)
                0x01e088b0                msdc_config_clksrc

.text.msdc_config_clock
                0x01e08938      0x194
 .text.msdc_config_clock
                0x01e08938      0x194 ../../../mediatek/platform/mt6577/uboot/libmt6577.a(msdc.o)
                0x01e08938                msdc_config_clock

.text.msdc_config_bus
                0x01e08acc       0x44
 .text.msdc_config_bus
                0x01e08acc       0x44 ../../../mediatek/platform/mt6577/uboot/libmt6577.a(msdc.o)
                0x01e08acc                msdc_config_bus

.text.msdc_config_pin
                0x01e08b10       0xd0
 .text.msdc_config_pin
                0x01e08b10       0xd0 ../../../mediatek/platform/mt6577/uboot/libmt6577.a(msdc.o)
                0x01e08b10                msdc_config_pin

.text.msdc_clock
                0x01e08be0        0x4
 .text.msdc_clock
                0x01e08be0        0x4 ../../../mediatek/platform/mt6577/uboot/libmt6577.a(msdc.o)
                0x01e08be0                msdc_clock

.text.msdc_host_power
                0x01e08be4       0x3c
 .text.msdc_host_power
                0x01e08be4       0x3c ../../../mediatek/platform/mt6577/uboot/libmt6577.a(msdc.o)
                0x01e08be4                msdc_host_power

.text.msdc_card_power
                0x01e08c20        0x4
 .text.msdc_card_power
                0x01e08c20        0x4 ../../../mediatek/platform/mt6577/uboot/libmt6577.a(msdc.o)
                0x01e08c20                msdc_card_power

.text.msdc_power
                0x01e08c24       0x48
 .text.msdc_power
                0x01e08c24       0x48 ../../../mediatek/platform/mt6577/uboot/libmt6577.a(msdc.o)
                0x01e08c24                msdc_power

.text.msdc_reset_tune_counter
                0x01e08c6c        0xc
 .text.msdc_reset_tune_counter
                0x01e08c6c        0xc ../../../mediatek/platform/mt6577/uboot/libmt6577.a(msdc.o)
                0x01e08c6c                msdc_reset_tune_counter

.text.msdc_tune_cmdrsp
                0x01e08c78      0x264
 .text.msdc_tune_cmdrsp
                0x01e08c78      0x264 ../../../mediatek/platform/mt6577/uboot/libmt6577.a(msdc.o)
                0x01e08c78                msdc_tune_cmdrsp

.text.msdc_cmd  0x01e08edc       0x74
 .text.msdc_cmd
                0x01e08edc       0x74 ../../../mediatek/platform/mt6577/uboot/libmt6577.a(msdc.o)
                0x01e08edc                msdc_cmd

.text.msdc_abort_handler
                0x01e08f50      0x138
 .text.msdc_abort_handler
                0x01e08f50      0x138 ../../../mediatek/platform/mt6577/uboot/libmt6577.a(msdc.o)
                0x01e08f50                msdc_abort_handler

.text.msdc_dma_transfer
                0x01e09088      0x31c
 .text.msdc_dma_transfer
                0x01e09088      0x31c ../../../mediatek/platform/mt6577/uboot/libmt6577.a(msdc.o)
                0x01e09088                msdc_dma_transfer

.text.msdc_dma_bwrite
                0x01e093a4       0x54
 .text.msdc_dma_bwrite
                0x01e093a4       0x54 ../../../mediatek/platform/mt6577/uboot/libmt6577.a(msdc.o)
                0x01e093a4                msdc_dma_bwrite

.text.msdc_dma_bread
                0x01e093f8       0x60
 .text.msdc_dma_bread
                0x01e093f8       0x60 ../../../mediatek/platform/mt6577/uboot/libmt6577.a(msdc.o)
                0x01e093f8                msdc_dma_bread

.text.msdc_tune_bread
                0x01e09458      0x328
 .text.msdc_tune_bread
                0x01e09458      0x328 ../../../mediatek/platform/mt6577/uboot/libmt6577.a(msdc.o)
                0x01e09458                msdc_tune_bread

.text.msdc_tune_read
                0x01e09780      0x300
 .text.msdc_tune_read
                0x01e09780      0x300 ../../../mediatek/platform/mt6577/uboot/libmt6577.a(msdc.o)
                0x01e09780                msdc_tune_read

.text.msdc_card_detect
                0x01e09a80       0x78
 .text.msdc_card_detect
                0x01e09a80       0x78 ../../../mediatek/platform/mt6577/uboot/libmt6577.a(msdc.o)
                0x01e09a80                msdc_card_detect

.text.msdc_card_avail
                0x01e09af8       0x58
 .text.msdc_card_avail
                0x01e09af8       0x58 ../../../mediatek/platform/mt6577/uboot/libmt6577.a(msdc.o)
                0x01e09af8                msdc_card_avail

.text.msdc_hard_reset
                0x01e09b50        0x4
 .text.msdc_hard_reset
                0x01e09b50        0x4 ../../../mediatek/platform/mt6577/uboot/libmt6577.a(msdc.o)
                0x01e09b50                msdc_hard_reset

.text.msdc_init
                0x01e09b54      0x3ec
 .text.msdc_init
                0x01e09b54      0x3ec ../../../mediatek/platform/mt6577/uboot/libmt6577.a(msdc.o)
                0x01e09b54                msdc_init

.text.get_uart_port_id
                0x01e09f40       0x54
 .text.get_uart_port_id
                0x01e09f40       0x54 ../../../mediatek/platform/mt6577/uboot/libmt6577.a(mtk_serial.o)

.text.mtk_uart_power_on
                0x01e09f94       0x44
 .text.mtk_uart_power_on
                0x01e09f94       0x44 ../../../mediatek/platform/mt6577/uboot/libmt6577.a(mtk_serial.o)
                0x01e09f94                mtk_uart_power_on

.text.serial_setbrg
                0x01e09fd8      0x150
 .text.serial_setbrg
                0x01e09fd8      0x150 ../../../mediatek/platform/mt6577/uboot/libmt6577.a(mtk_serial.o)
                0x01e09fd8                serial_setbrg

.text.serial_getc
                0x01e0a128       0x34
 .text.serial_getc
                0x01e0a128       0x34 ../../../mediatek/platform/mt6577/uboot/libmt6577.a(mtk_serial.o)
                0x01e0a128                serial_getc

.text.serial_putc
                0x01e0a15c       0x50
 .text.serial_putc
                0x01e0a15c       0x50 ../../../mediatek/platform/mt6577/uboot/libmt6577.a(mtk_serial.o)
                0x01e0a15c                serial_putc

.text.serial_puts
                0x01e0a1ac       0x20
 .text.serial_puts
                0x01e0a1ac       0x20 ../../../mediatek/platform/mt6577/uboot/libmt6577.a(mtk_serial.o)
                0x01e0a1ac                serial_puts

.text.serial_tstc
                0x01e0a1cc       0x28
 .text.serial_tstc
                0x01e0a1cc       0x28 ../../../mediatek/platform/mt6577/uboot/libmt6577.a(mtk_serial.o)
                0x01e0a1cc                serial_tstc

.text.serial_init
                0x01e0a1f4        0x8
 .text.serial_init
                0x01e0a1f4        0x8 ../../../mediatek/platform/mt6577/uboot/libmt6577.a(mtk_serial.o)
                0x01e0a1f4                serial_init

.text.mtk_serial_set_current_uart
                0x01e0a1fc       0x68
 .text.mtk_serial_set_current_uart
                0x01e0a1fc       0x68 ../../../mediatek/platform/mt6577/uboot/libmt6577.a(mtk_serial.o)
                0x01e0a1fc                mtk_serial_set_current_uart

.text.mtk_serial_init
                0x01e0a264       0xd0
 .text.mtk_serial_init
                0x01e0a264       0xd0 ../../../mediatek/platform/mt6577/uboot/libmt6577.a(mtk_serial.o)
                0x01e0a264                mtk_serial_init

.text.custom_port_in_kernel
                0x01e0a334       0x90
 .text.custom_port_in_kernel
                0x01e0a334       0x90 ../../../mediatek/platform/mt6577/uboot/libmt6577.a(mtk_serial.o)
                0x01e0a334                custom_port_in_kernel

.text.gpt4_get_current_tick
                0x01e0a3c4       0x10
 .text.gpt4_get_current_tick
                0x01e0a3c4       0x10 ../../../mediatek/platform/mt6577/uboot/libmt6577.a(mtk_timer.o)
                0x01e0a3c4                gpt4_get_current_tick

.text.gpt4_tick2time_us
                0x01e0a3d4       0x14
 .text.gpt4_tick2time_us
                0x01e0a3d4       0x14 ../../../mediatek/platform/mt6577/uboot/libmt6577.a(mtk_timer.o)
                0x01e0a3d4                gpt4_tick2time_us

.text.gpt_busy_wait_us
                0x01e0a3e8       0x48
 .text.gpt_busy_wait_us
                0x01e0a3e8       0x48 ../../../mediatek/platform/mt6577/uboot/libmt6577.a(mtk_timer.o)
                0x01e0a3e8                gpt_busy_wait_us

.text.reset_timer_masked
                0x01e0a430       0x3c
 .text.reset_timer_masked
                0x01e0a430       0x3c ../../../mediatek/platform/mt6577/uboot/libmt6577.a(mtk_timer.o)
                0x01e0a430                reset_timer_masked

.text.get_timer_masked
                0x01e0a46c       0x88
 .text.get_timer_masked
                0x01e0a46c       0x88 ../../../mediatek/platform/mt6577/uboot/libmt6577.a(mtk_timer.o)
                0x01e0a46c                get_timer_masked

.text.get_timer
                0x01e0a4f4       0x20
 .text.get_timer
                0x01e0a4f4       0x20 ../../../mediatek/platform/mt6577/uboot/libmt6577.a(mtk_timer.o)
                0x01e0a4f4                get_timer

.text.mdelay    0x01e0a514       0x28
 .text.mdelay   0x01e0a514       0x28 ../../../mediatek/platform/mt6577/uboot/libmt6577.a(mtk_timer.o)
                0x01e0a514                mdelay

.text.udelay    0x01e0a53c       0x58
 .text.udelay   0x01e0a53c       0x58 ../../../mediatek/platform/mt6577/uboot/libmt6577.a(mtk_timer.o)
                0x01e0a53c                udelay

.text.get_ticks
                0x01e0a594       0x14
 .text.get_ticks
                0x01e0a594       0x14 ../../../mediatek/platform/mt6577/uboot/libmt6577.a(mtk_timer.o)
                0x01e0a594                get_ticks

.text.gpt_one_shot_irq
                0x01e0a5a8       0x44
 .text.gpt_one_shot_irq
                0x01e0a5a8       0x44 ../../../mediatek/platform/mt6577/uboot/libmt6577.a(mtk_timer.o)
                0x01e0a5a8                gpt_one_shot_irq

.text.gpt_irq_init
                0x01e0a5ec       0x3c
 .text.gpt_irq_init
                0x01e0a5ec       0x3c ../../../mediatek/platform/mt6577/uboot/libmt6577.a(mtk_timer.o)
                0x01e0a5ec                gpt_irq_init

.text.gpt_irq_ack
                0x01e0a628       0x14
 .text.gpt_irq_ack
                0x01e0a628       0x14 ../../../mediatek/platform/mt6577/uboot/libmt6577.a(mtk_timer.o)
                0x01e0a628                gpt_irq_ack

.text.meta_detection
                0x01e0a63c       0xb8
 .text.meta_detection
                0x01e0a63c       0xb8 ../../../mediatek/platform/mt6577/uboot/libmt6577.a(mt6577_meta.o)
                0x01e0a63c                meta_detection

.text.recovery_check_key_trigger
                0x01e0a6f4       0xc8
 .text.recovery_check_key_trigger
                0x01e0a6f4       0xc8 ../../../mediatek/platform/mt6577/uboot/libmt6577.a(mt6577_recovery.o)
                0x01e0a6f4                recovery_check_key_trigger

.text.recovery_check_command_trigger
                0x01e0a7bc       0x7c
 .text.recovery_check_command_trigger
                0x01e0a7bc       0x7c ../../../mediatek/platform/mt6577/uboot/libmt6577.a(mt6577_recovery.o)
                0x01e0a7bc                recovery_check_command_trigger

.text.recovery_detection
                0x01e0a838       0x78
 .text.recovery_detection
                0x01e0a838       0x78 ../../../mediatek/platform/mt6577/uboot/libmt6577.a(mt6577_recovery.o)
                0x01e0a838                recovery_detection

.text.factory_check_key_trigger
                0x01e0a8b0       0xe0
 .text.factory_check_key_trigger
                0x01e0a8b0       0xe0 ../../../mediatek/platform/mt6577/uboot/libmt6577.a(mt6577_factory.o)
                0x01e0a8b0                factory_check_key_trigger

.text.factory_detection
                0x01e0a990       0x7c
 .text.factory_detection
                0x01e0a990       0x7c ../../../mediatek/platform/mt6577/uboot/libmt6577.a(mt6577_factory.o)
                0x01e0a990                factory_detection

.text.mtk_wdt_mode_config.constprop.0
                0x01e0aa0c       0x40
 .text.mtk_wdt_mode_config.constprop.0
                0x01e0aa0c       0x40 ../../../mediatek/platform/mt6577/uboot/libmt6577.a(mtk_wdt.o)

.text.mtk_wdt_set_time_out_value
                0x01e0aa4c       0x28
 .text.mtk_wdt_set_time_out_value
                0x01e0aa4c       0x28 ../../../mediatek/platform/mt6577/uboot/libmt6577.a(mtk_wdt.o)
                0x01e0aa4c                mtk_wdt_set_time_out_value

.text.mtk_wdt_restart
                0x01e0aa74       0x10
 .text.mtk_wdt_restart
                0x01e0aa74       0x10 ../../../mediatek/platform/mt6577/uboot/libmt6577.a(mtk_wdt.o)
                0x01e0aa74                mtk_wdt_restart

.text.mtk_wdt_init
                0x01e0aa84       0x6c
 .text.mtk_wdt_init
                0x01e0aa84       0x6c ../../../mediatek/platform/mt6577/uboot/libmt6577.a(mtk_wdt.o)
                0x01e0aa84                mtk_wdt_init

.text.mtk_wdt_boot_check
                0x01e0aaf0       0x70
 .text.mtk_wdt_boot_check
                0x01e0aaf0       0x70 ../../../mediatek/platform/mt6577/uboot/libmt6577.a(mtk_wdt.o)
                0x01e0aaf0                mtk_wdt_boot_check

.text.mtk_arch_reset
                0x01e0ab60       0x58
 .text.mtk_arch_reset
                0x01e0ab60       0x58 ../../../mediatek/platform/mt6577/uboot/libmt6577.a(mtk_wdt.o)
                0x01e0ab60                mtk_arch_reset

.text.mt_set_gpio_dir
                0x01e0abb8       0x7c
 .text.mt_set_gpio_dir
                0x01e0abb8       0x7c ../../../mediatek/platform/mt6577/uboot/libmt6577.a(mt6577_gpio.o)
                0x01e0abb8                mt_set_gpio_dir

.text.mt_set_gpio_pull_enable
                0x01e0ac34       0x7c
 .text.mt_set_gpio_pull_enable
                0x01e0ac34       0x7c ../../../mediatek/platform/mt6577/uboot/libmt6577.a(mt6577_gpio.o)
                0x01e0ac34                mt_set_gpio_pull_enable

.text.mt_set_gpio_out
                0x01e0acb0       0x80
 .text.mt_set_gpio_out
                0x01e0acb0       0x80 ../../../mediatek/platform/mt6577/uboot/libmt6577.a(mt6577_gpio.o)
                0x01e0acb0                mt_set_gpio_out

.text.mt_set_gpio_mode
                0x01e0ad30       0x6c
 .text.mt_set_gpio_mode
                0x01e0ad30       0x6c ../../../mediatek/platform/mt6577/uboot/libmt6577.a(mt6577_gpio.o)
                0x01e0ad30                mt_set_gpio_mode

.text.mt_gpio_set_default
                0x01e0ad9c      0x13c
 .text.mt_gpio_set_default
                0x01e0ad9c      0x13c ../../../mediatek/platform/mt6577/uboot/libmt6577.a(mt6577_gpio_init.o)
                0x01e0ad9c                mt_gpio_set_default

.text.mt_power_on
                0x01e0aed8       0xd4
 .text.mt_power_on
                0x01e0aed8       0xd4 ../../../mediatek/platform/mt6577/uboot/libmt6577.a(mt6577_pwm.o)
                0x01e0aed8                mt_power_on

.text.mt_power_off
                0x01e0afac       0xc4
 .text.mt_power_off
                0x01e0afac       0xc4 ../../../mediatek/platform/mt6577/uboot/libmt6577.a(mt6577_pwm.o)
                0x01e0afac                mt_power_off

.text.mt_set_pwm_enable
                0x01e0b070       0x28
 .text.mt_set_pwm_enable
                0x01e0b070       0x28 ../../../mediatek/platform/mt6577/uboot/libmt6577.a(mt6577_pwm.o)
                0x01e0b070                mt_set_pwm_enable

.text.mt_set_pwm_disable
                0x01e0b098       0x3c
 .text.mt_set_pwm_disable
                0x01e0b098       0x3c ../../../mediatek/platform/mt6577/uboot/libmt6577.a(mt6577_pwm.o)
                0x01e0b098                mt_set_pwm_disable

.text.mt_set_pwm_enable_seqmode
                0x01e0b0d4       0x18
 .text.mt_set_pwm_enable_seqmode
                0x01e0b0d4       0x18 ../../../mediatek/platform/mt6577/uboot/libmt6577.a(mt6577_pwm.o)
                0x01e0b0d4                mt_set_pwm_enable_seqmode

.text.mt_set_pwm_clk
                0x01e0b0ec       0x78
 .text.mt_set_pwm_clk
                0x01e0b0ec       0x78 ../../../mediatek/platform/mt6577/uboot/libmt6577.a(mt6577_pwm.o)
                0x01e0b0ec                mt_set_pwm_clk

.text.mt_set_pwm_con_datasrc
                0x01e0b164       0x60
 .text.mt_set_pwm_con_datasrc
                0x01e0b164       0x60 ../../../mediatek/platform/mt6577/uboot/libmt6577.a(mt6577_pwm.o)
                0x01e0b164                mt_set_pwm_con_datasrc

.text.mt_set_pwm_con_mode
                0x01e0b1c4       0x60
 .text.mt_set_pwm_con_mode
                0x01e0b1c4       0x60 ../../../mediatek/platform/mt6577/uboot/libmt6577.a(mt6577_pwm.o)
                0x01e0b1c4                mt_set_pwm_con_mode

.text.mt_set_pwm_con_idleval
                0x01e0b224       0x64
 .text.mt_set_pwm_con_idleval
                0x01e0b224       0x64 ../../../mediatek/platform/mt6577/uboot/libmt6577.a(mt6577_pwm.o)
                0x01e0b224                mt_set_pwm_con_idleval

.text.mt_set_pwm_con_guardval
                0x01e0b288       0x64
 .text.mt_set_pwm_con_guardval
                0x01e0b288       0x64 ../../../mediatek/platform/mt6577/uboot/libmt6577.a(mt6577_pwm.o)
                0x01e0b288                mt_set_pwm_con_guardval

.text.mt_set_pwm_con_stpbit
                0x01e0b2ec       0x94
 .text.mt_set_pwm_con_stpbit
                0x01e0b2ec       0x94 ../../../mediatek/platform/mt6577/uboot/libmt6577.a(mt6577_pwm.o)
                0x01e0b2ec                mt_set_pwm_con_stpbit

.text.mt_set_pwm_con_oldmode
                0x01e0b380       0x60
 .text.mt_set_pwm_con_oldmode
                0x01e0b380       0x60 ../../../mediatek/platform/mt6577/uboot/libmt6577.a(mt6577_pwm.o)
                0x01e0b380                mt_set_pwm_con_oldmode

.text.mt_set_pwm_HiDur
                0x01e0b3e0       0x3c
 .text.mt_set_pwm_HiDur
                0x01e0b3e0       0x3c ../../../mediatek/platform/mt6577/uboot/libmt6577.a(mt6577_pwm.o)
                0x01e0b3e0                mt_set_pwm_HiDur

.text.mt_set_pwm_LowDur
                0x01e0b41c       0x3c
 .text.mt_set_pwm_LowDur
                0x01e0b41c       0x3c ../../../mediatek/platform/mt6577/uboot/libmt6577.a(mt6577_pwm.o)
                0x01e0b41c                mt_set_pwm_LowDur

.text.mt_set_pwm_GuardDur
                0x01e0b458       0x3c
 .text.mt_set_pwm_GuardDur
                0x01e0b458       0x3c ../../../mediatek/platform/mt6577/uboot/libmt6577.a(mt6577_pwm.o)
                0x01e0b458                mt_set_pwm_GuardDur

.text.mt_set_pwm_buf0_addr
                0x01e0b494       0x38
 .text.mt_set_pwm_buf0_addr
                0x01e0b494       0x38 ../../../mediatek/platform/mt6577/uboot/libmt6577.a(mt6577_pwm.o)
                0x01e0b494                mt_set_pwm_buf0_addr

.text.mt_set_pwm_buf0_size
                0x01e0b4cc       0x3c
 .text.mt_set_pwm_buf0_size
                0x01e0b4cc       0x3c ../../../mediatek/platform/mt6577/uboot/libmt6577.a(mt6577_pwm.o)
                0x01e0b4cc                mt_set_pwm_buf0_size

.text.mt_set_pwm_buf1_addr
                0x01e0b508       0x38
 .text.mt_set_pwm_buf1_addr
                0x01e0b508       0x38 ../../../mediatek/platform/mt6577/uboot/libmt6577.a(mt6577_pwm.o)
                0x01e0b508                mt_set_pwm_buf1_addr

.text.mt_set_pwm_buf1_size
                0x01e0b540       0x3c
 .text.mt_set_pwm_buf1_size
                0x01e0b540       0x3c ../../../mediatek/platform/mt6577/uboot/libmt6577.a(mt6577_pwm.o)
                0x01e0b540                mt_set_pwm_buf1_size

.text.mt_set_pwm_send_data0
                0x01e0b57c       0x38
 .text.mt_set_pwm_send_data0
                0x01e0b57c       0x38 ../../../mediatek/platform/mt6577/uboot/libmt6577.a(mt6577_pwm.o)
                0x01e0b57c                mt_set_pwm_send_data0

.text.mt_set_pwm_send_data1
                0x01e0b5b4       0x38
 .text.mt_set_pwm_send_data1
                0x01e0b5b4       0x38 ../../../mediatek/platform/mt6577/uboot/libmt6577.a(mt6577_pwm.o)
                0x01e0b5b4                mt_set_pwm_send_data1

.text.mt_set_pwm_wave_num
                0x01e0b5ec       0x3c
 .text.mt_set_pwm_wave_num
                0x01e0b5ec       0x3c ../../../mediatek/platform/mt6577/uboot/libmt6577.a(mt6577_pwm.o)
                0x01e0b5ec                mt_set_pwm_wave_num

.text.mt_set_pwm_data_width
                0x01e0b628       0x3c
 .text.mt_set_pwm_data_width
                0x01e0b628       0x3c ../../../mediatek/platform/mt6577/uboot/libmt6577.a(mt6577_pwm.o)
                0x01e0b628                mt_set_pwm_data_width

.text.mt_set_pwm_thresh
                0x01e0b664       0x3c
 .text.mt_set_pwm_thresh
                0x01e0b664       0x3c ../../../mediatek/platform/mt6577/uboot/libmt6577.a(mt6577_pwm.o)
                0x01e0b664                mt_set_pwm_thresh

.text.mt_set_pwm_valid
                0x01e0b6a0       0x60
 .text.mt_set_pwm_valid
                0x01e0b6a0       0x60 ../../../mediatek/platform/mt6577/uboot/libmt6577.a(mt6577_pwm.o)
                0x01e0b6a0                mt_set_pwm_valid

.text.mt_set_pwm_delay_duration
                0x01e0b700       0x20
 .text.mt_set_pwm_delay_duration
                0x01e0b700       0x20 ../../../mediatek/platform/mt6577/uboot/libmt6577.a(mt6577_pwm.o)
                0x01e0b700                mt_set_pwm_delay_duration

.text.mt_set_pwm_delay_clock
                0x01e0b720       0x18
 .text.mt_set_pwm_delay_clock
                0x01e0b720       0x18 ../../../mediatek/platform/mt6577/uboot/libmt6577.a(mt6577_pwm.o)
                0x01e0b720                mt_set_pwm_delay_clock

.text.pwm_set_easy_config
                0x01e0b738      0x28c
 .text.pwm_set_easy_config
                0x01e0b738      0x28c ../../../mediatek/platform/mt6577/uboot/libmt6577.a(mt6577_pwm.o)
                0x01e0b738                pwm_set_easy_config

.text.pwm_set_spec_config
                0x01e0b9c4      0x404
 .text.pwm_set_spec_config
                0x01e0b9c4      0x404 ../../../mediatek/platform/mt6577/uboot/libmt6577.a(mt6577_pwm.o)
                0x01e0b9c4                pwm_set_spec_config

.text.mt65xx_disp_get_vram_size
                0x01e0bdc8        0x4
 .text.mt65xx_disp_get_vram_size
                0x01e0bdc8        0x4 ../../../mediatek/platform/mt6577/uboot/libmt6577.a(mt65xx_disp_drv.o)
                0x01e0bdc8                mt65xx_disp_get_vram_size

.text.mt65xx_disp_init
                0x01e0bdcc      0x51c
 .text.mt65xx_disp_init
                0x01e0bdcc      0x51c ../../../mediatek/platform/mt6577/uboot/libmt6577.a(mt65xx_disp_drv.o)
                0x01e0bdcc                mt65xx_disp_init

.text.mt65xx_get_logo_db_addr
                0x01e0c2e8       0x14
 .text.mt65xx_get_logo_db_addr
                0x01e0c2e8       0x14 ../../../mediatek/platform/mt6577/uboot/libmt6577.a(mt65xx_disp_drv.o)
                0x01e0c2e8                mt65xx_get_logo_db_addr

.text.mt65xx_get_fb_addr
                0x01e0c2fc       0x14
 .text.mt65xx_get_fb_addr
                0x01e0c2fc       0x14 ../../../mediatek/platform/mt6577/uboot/libmt6577.a(mt65xx_disp_drv.o)
                0x01e0c2fc                mt65xx_get_fb_addr

.text.mt65xx_get_fb_size
                0x01e0c310       0x10
 .text.mt65xx_get_fb_size
                0x01e0c310       0x10 ../../../mediatek/platform/mt6577/uboot/libmt6577.a(mt65xx_disp_drv.o)
                0x01e0c310                mt65xx_get_fb_size

.text.mt65xx_disp_update
                0x01e0c320       0x44
 .text.mt65xx_disp_update
                0x01e0c320       0x44 ../../../mediatek/platform/mt6577/uboot/libmt6577.a(mt65xx_disp_drv.o)
                0x01e0c320                mt65xx_disp_update

.text.mt65xx_disp_power
                0x01e0c364       0x58
 .text.mt65xx_disp_power
                0x01e0c364       0x58 ../../../mediatek/platform/mt6577/uboot/libmt6577.a(mt65xx_disp_drv.o)
                0x01e0c364                mt65xx_disp_power

.text.mt65xx_disp_wait_idle
                0x01e0c3bc       0x40
 .text.mt65xx_disp_wait_idle
                0x01e0c3bc       0x40 ../../../mediatek/platform/mt6577/uboot/libmt6577.a(mt65xx_disp_drv.o)
                0x01e0c3bc                mt65xx_disp_wait_idle

.text.mt65xx_disp_get_lcd_time
                0x01e0c3fc      0x220
 .text.mt65xx_disp_get_lcd_time
                0x01e0c3fc      0x220 ../../../mediatek/platform/mt6577/uboot/libmt6577.a(mt65xx_disp_drv.o)
                0x01e0c3fc                mt65xx_disp_get_lcd_time

.text.mt65xx_disp_get_lcm_id
                0x01e0c61c        0x4
 .text.mt65xx_disp_get_lcm_id
                0x01e0c61c        0x4 ../../../mediatek/platform/mt6577/uboot/libmt6577.a(mt65xx_disp_drv.o)
                0x01e0c61c                mt65xx_disp_get_lcm_id

.text.video_hw_init
                0x01e0c620       0x74
 .text.video_hw_init
                0x01e0c620       0x74 ../../../mediatek/platform/mt6577/uboot/libmt6577.a(mt65xx_disp_drv.o)
                0x01e0c620                video_hw_init

.text.video_set_lut
                0x01e0c694        0x4
 .text.video_set_lut
                0x01e0c694        0x4 ../../../mediatek/platform/mt6577/uboot/libmt6577.a(mt65xx_disp_drv.o)
                0x01e0c694                video_set_lut

.text.disp_dump_lcm_parameters
                0x01e0c698       0xa0
 .text.disp_dump_lcm_parameters
                0x01e0c698       0xa0 ../../../mediatek/platform/mt6577/uboot/libmt6577.a(disp_drv.o)

.text.disp_drv_init_ctrl_if
                0x01e0c738      0x2d8
 .text.disp_drv_init_ctrl_if
                0x01e0c738      0x2d8 ../../../mediatek/platform/mt6577/uboot/libmt6577.a(disp_drv.o)

.text.lcm_mdelay
                0x01e0ca10       0x10
 .text.lcm_mdelay
                0x01e0ca10        0x4 ../../../mediatek/platform/mt6577/uboot/libmt6577.a(disp_drv.o)
 .text.lcm_mdelay
                0x01e0ca14        0xc ../../../mediatek/platform/mt6577/uboot/libmt6577.a(dsi_drv.o)

.text.lcm_udelay
                0x01e0ca20        0x4
 .text.lcm_udelay
                0x01e0ca20        0x4 ../../../mediatek/platform/mt6577/uboot/libmt6577.a(disp_drv.o)

.text.lcm_set_reset_pin
                0x01e0ca24        0x8
 .text.lcm_set_reset_pin
                0x01e0ca24        0x8 ../../../mediatek/platform/mt6577/uboot/libmt6577.a(disp_drv.o)

.text.lcm_read_data
                0x01e0ca2c       0xd0
 .text.lcm_read_data
                0x01e0ca2c       0xd0 ../../../mediatek/platform/mt6577/uboot/libmt6577.a(disp_drv.o)

.text.lcm_send_data
                0x01e0cafc       0xbc
 .text.lcm_send_data
                0x01e0cafc       0xbc ../../../mediatek/platform/mt6577/uboot/libmt6577.a(disp_drv.o)

.text.lcm_send_cmd
                0x01e0cbb8       0xbc
 .text.lcm_send_cmd
                0x01e0cbb8       0xbc ../../../mediatek/platform/mt6577/uboot/libmt6577.a(disp_drv.o)

.text.disp_log_enable
                0x01e0cc74       0x34
 .text.disp_log_enable
                0x01e0cc74       0x34 ../../../mediatek/platform/mt6577/uboot/libmt6577.a(disp_drv.o)
                0x01e0cc74                disp_log_enable

.text.disp_drv_get_lcm_driver
                0x01e0cca8      0x2d4
 .text.disp_drv_get_lcm_driver
                0x01e0cca8      0x2d4 ../../../mediatek/platform/mt6577/uboot/libmt6577.a(disp_drv.o)
                0x01e0cca8                disp_drv_get_lcm_driver

.text.DISP_IsLcmFound
                0x01e0cf7c       0x14
 .text.DISP_IsLcmFound
                0x01e0cf7c       0x14 ../../../mediatek/platform/mt6577/uboot/libmt6577.a(disp_drv.o)
                0x01e0cf7c                DISP_IsLcmFound

.text.DISP_DetectDevice
                0x01e0cf90       0x90
 .text.DISP_DetectDevice
                0x01e0cf90       0x90 ../../../mediatek/platform/mt6577/uboot/libmt6577.a(disp_drv.o)
                0x01e0cf90                DISP_DetectDevice

.text.disp_drv_init_context
                0x01e0d020      0x11c
 .text.disp_drv_init_context
                0x01e0d020      0x11c ../../../mediatek/platform/mt6577/uboot/libmt6577.a(disp_drv.o)

.text.DISP_PowerEnable
                0x01e0d13c       0xc4
 .text.DISP_PowerEnable
                0x01e0d13c       0xc4 ../../../mediatek/platform/mt6577/uboot/libmt6577.a(disp_drv.o)
                0x01e0d13c                DISP_PowerEnable

.text.DISP_PanelEnable
                0x01e0d200      0x268
 .text.DISP_PanelEnable
                0x01e0d200      0x268 ../../../mediatek/platform/mt6577/uboot/libmt6577.a(disp_drv.o)
                0x01e0d200                DISP_PanelEnable

.text.DISP_UpdateScreen
                0x01e0d468      0x214
 .text.DISP_UpdateScreen
                0x01e0d468      0x214 ../../../mediatek/platform/mt6577/uboot/libmt6577.a(disp_drv.o)
                0x01e0d468                DISP_UpdateScreen

.text.DISP_GetScreenWidth
                0x01e0d67c       0x48
 .text.DISP_GetScreenWidth
                0x01e0d67c       0x48 ../../../mediatek/platform/mt6577/uboot/libmt6577.a(disp_drv.o)
                0x01e0d67c                DISP_GetScreenWidth

.text.DISP_GetScreenHeight
                0x01e0d6c4       0x48
 .text.DISP_GetScreenHeight
                0x01e0d6c4       0x48 ../../../mediatek/platform/mt6577/uboot/libmt6577.a(disp_drv.o)
                0x01e0d6c4                DISP_GetScreenHeight

.text.DISP_GetScreenBpp
                0x01e0d70c       0x14
 .text.DISP_GetScreenBpp
                0x01e0d70c       0x14 ../../../mediatek/platform/mt6577/uboot/libmt6577.a(disp_drv.o)
                0x01e0d70c                DISP_GetScreenBpp

.text.DISP_GetPages
                0x01e0d720       0x14
 .text.DISP_GetPages
                0x01e0d720       0x14 ../../../mediatek/platform/mt6577/uboot/libmt6577.a(disp_drv.o)
                0x01e0d720                DISP_GetPages

.text.DISP_GetFBRamSize
                0x01e0d734       0x48
 .text.DISP_GetFBRamSize
                0x01e0d734       0x48 ../../../mediatek/platform/mt6577/uboot/libmt6577.a(disp_drv.o)
                0x01e0d734                DISP_GetFBRamSize

.text.DISP_Init
                0x01e0d77c      0x124
 .text.DISP_Init
                0x01e0d77c      0x124 ../../../mediatek/platform/mt6577/uboot/libmt6577.a(disp_drv.o)
                0x01e0d77c                DISP_Init

.text.DISP_GetVRamSize
                0x01e0d8a0       0x8c
 .text.DISP_GetVRamSize
                0x01e0d8a0       0x8c ../../../mediatek/platform/mt6577/uboot/libmt6577.a(disp_drv.o)
                0x01e0d8a0                DISP_GetVRamSize

.text.DISP_GetLCMId
                0x01e0d92c       0x28
 .text.DISP_GetLCMId
                0x01e0d92c       0x28 ../../../mediatek/platform/mt6577/uboot/libmt6577.a(disp_drv.o)
                0x01e0d92c                DISP_GetLCMId

.text.DAL_GetLayerSize
                0x01e0d954       0x20
 .text.DAL_GetLayerSize
                0x01e0d954       0x20 ../../../mediatek/platform/mt6577/uboot/libmt6577.a(disp_assert_layer.o)
                0x01e0d954                DAL_GetLayerSize

.text.DAL_Init  0x01e0d974        0x8
 .text.DAL_Init
                0x01e0d974        0x8 ../../../mediatek/platform/mt6577/uboot/libmt6577.a(disp_assert_layer.o)
                0x01e0d974                DAL_Init

.text.DAL_OnDispPowerOn
                0x01e0d97c        0x8
 .text.DAL_OnDispPowerOn
                0x01e0d97c        0x8 ../../../mediatek/platform/mt6577/uboot/libmt6577.a(disp_assert_layer.o)
                0x01e0d97c                DAL_OnDispPowerOn

.text.dbi_get_working_buffer_size
                0x01e0d984        0x8
 .text.dbi_get_working_buffer_size
                0x01e0d984        0x8 ../../../mediatek/platform/mt6577/uboot/libmt6577.a(disp_drv_dbi.o)

.text.dbi_get_working_buffer_bpp
                0x01e0d98c        0x8
 .text.dbi_get_working_buffer_bpp
                0x01e0d98c        0x8 ../../../mediatek/platform/mt6577/uboot/libmt6577.a(disp_drv_dbi.o)

.text.init_lcd_te_control
                0x01e0d994      0x4c8
 .text.init_lcd_te_control
                0x01e0d994      0x264 ../../../mediatek/platform/mt6577/uboot/libmt6577.a(disp_drv_dbi.o)
 .text.init_lcd_te_control
                0x01e0dbf8      0x264 ../../../mediatek/platform/mt6577/uboot/libmt6577.a(disp_drv_dsi.o)

.text.disp_drv_dbi_init_context
                0x01e0de5c       0xc0
 .text.disp_drv_dbi_init_context
                0x01e0de5c       0xc0 ../../../mediatek/platform/mt6577/uboot/libmt6577.a(disp_drv_dbi.o)

.text.dbi_get_panel_color_format
                0x01e0df1c       0xb4
 .text.dbi_get_panel_color_format
                0x01e0df1c       0xb4 ../../../mediatek/platform/mt6577/uboot/libmt6577.a(disp_drv_dbi.o)

.text.dbi_get_dithering_bpp
                0x01e0dfd0       0x2c
 .text.dbi_get_dithering_bpp
                0x01e0dfd0       0x2c ../../../mediatek/platform/mt6577/uboot/libmt6577.a(disp_drv_dbi.o)

.text.dbi_update_screen
                0x01e0dffc       0x44
 .text.dbi_update_screen
                0x01e0dffc       0x44 ../../../mediatek/platform/mt6577/uboot/libmt6577.a(disp_drv_dbi.o)

.text.init_io_pad
                0x01e0e040       0xb8
 .text.init_io_pad
                0x01e0e040       0x5c ../../../mediatek/platform/mt6577/uboot/libmt6577.a(disp_drv_dbi.o)
 .text.init_io_pad
                0x01e0e09c       0x5c ../../../mediatek/platform/mt6577/uboot/libmt6577.a(disp_drv_dpi.o)

.text.dbi_enable_power
                0x01e0e0f8       0x94
 .text.dbi_enable_power
                0x01e0e0f8       0x94 ../../../mediatek/platform/mt6577/uboot/libmt6577.a(disp_drv_dbi.o)

.text.dbi_init  0x01e0e18c      0x340
 .text.dbi_init
                0x01e0e18c      0x340 ../../../mediatek/platform/mt6577/uboot/libmt6577.a(disp_drv_dbi.o)

.text.dbi_capture_framebuffer
                0x01e0e4cc       0x40
 .text.dbi_capture_framebuffer
                0x01e0e4cc       0x40 ../../../mediatek/platform/mt6577/uboot/libmt6577.a(disp_drv_dbi.o)
                0x01e0e4cc                dbi_capture_framebuffer

.text.DISP_GetDriverDBI
                0x01e0e50c       0x10
 .text.DISP_GetDriverDBI
                0x01e0e50c       0x10 ../../../mediatek/platform/mt6577/uboot/libmt6577.a(disp_drv_dbi.o)
                0x01e0e50c                DISP_GetDriverDBI

.text._IsEngineBusy
                0x01e0e51c       0x1c
 .text._IsEngineBusy
                0x01e0e51c       0x1c ../../../mediatek/platform/mt6577/uboot/libmt6577.a(lcd_drv.o)

.text._BackupLCDRegisters
                0x01e0e538      0x1dc
 .text._BackupLCDRegisters
                0x01e0e538      0x1dc ../../../mediatek/platform/mt6577/uboot/libmt6577.a(lcd_drv.o)

.text._RestoreLCDRegisters
                0x01e0e714      0x1e4
 .text._RestoreLCDRegisters
                0x01e0e714      0x1e4 ../../../mediatek/platform/mt6577/uboot/libmt6577.a(lcd_drv.o)

.text.dbi_log_enable
                0x01e0e8f8       0x34
 .text.dbi_log_enable
                0x01e0e8f8       0x34 ../../../mediatek/platform/mt6577/uboot/libmt6577.a(lcd_drv.o)
                0x01e0e8f8                dbi_log_enable

.text.LCD_Init_IO_pad
                0x01e0e92c       0xdc
 .text.LCD_Init_IO_pad
                0x01e0e92c       0xdc ../../../mediatek/platform/mt6577/uboot/libmt6577.a(lcd_drv.o)
                0x01e0e92c                LCD_Init_IO_pad

.text.LCD_Set_DrivingCurrent
                0x01e0ea08       0xa4
 .text.LCD_Set_DrivingCurrent
                0x01e0ea08       0xa4 ../../../mediatek/platform/mt6577/uboot/libmt6577.a(lcd_drv.o)
                0x01e0ea08                LCD_Set_DrivingCurrent

.text.LCD_PowerOn
                0x01e0eaac       0x8c
 .text.LCD_PowerOn
                0x01e0eaac       0x8c ../../../mediatek/platform/mt6577/uboot/libmt6577.a(lcd_drv.o)
                0x01e0eaac                LCD_PowerOn

.text.LCD_Init  0x01e0eb38       0xa4
 .text.LCD_Init
                0x01e0eb38       0xa4 ../../../mediatek/platform/mt6577/uboot/libmt6577.a(lcd_drv.o)
                0x01e0eb38                LCD_Init

.text.LCD_ConfigIfFormat
                0x01e0ebdc       0x40
 .text.LCD_ConfigIfFormat
                0x01e0ebdc       0x40 ../../../mediatek/platform/mt6577/uboot/libmt6577.a(lcd_drv.o)
                0x01e0ebdc                LCD_ConfigIfFormat

.text.LCD_SetResetSignal
                0x01e0ec1c       0x20
 .text.LCD_SetResetSignal
                0x01e0ec1c       0x20 ../../../mediatek/platform/mt6577/uboot/libmt6577.a(lcd_drv.o)
                0x01e0ec1c                LCD_SetResetSignal

.text.LCD_ConfigDSIIfFormat
                0x01e0ec3c       0x3c
 .text.LCD_ConfigDSIIfFormat
                0x01e0ec3c       0x3c ../../../mediatek/platform/mt6577/uboot/libmt6577.a(lcd_drv.o)
                0x01e0ec3c                LCD_ConfigDSIIfFormat

.text.LCD_LayerEnable
                0x01e0ec78      0x130
 .text.LCD_LayerEnable
                0x01e0ec78      0x130 ../../../mediatek/platform/mt6577/uboot/libmt6577.a(lcd_drv.o)
                0x01e0ec78                LCD_LayerEnable

.text.LCD_LayerSetAddress
                0x01e0eda8       0xc4
 .text.LCD_LayerSetAddress
                0x01e0eda8       0xc4 ../../../mediatek/platform/mt6577/uboot/libmt6577.a(lcd_drv.o)
                0x01e0eda8                LCD_LayerSetAddress

.text.LCD_LayerSetSize
                0x01e0ee6c       0x9c
 .text.LCD_LayerSetSize
                0x01e0ee6c       0x9c ../../../mediatek/platform/mt6577/uboot/libmt6577.a(lcd_drv.o)
                0x01e0ee6c                LCD_LayerSetSize

.text.LCD_LayerSetPitch
                0x01e0ef08       0x94
 .text.LCD_LayerSetPitch
                0x01e0ef08       0x94 ../../../mediatek/platform/mt6577/uboot/libmt6577.a(lcd_drv.o)
                0x01e0ef08                LCD_LayerSetPitch

.text.LCD_LayerSetOffset
                0x01e0ef9c       0x9c
 .text.LCD_LayerSetOffset
                0x01e0ef9c       0x9c ../../../mediatek/platform/mt6577/uboot/libmt6577.a(lcd_drv.o)
                0x01e0ef9c                LCD_LayerSetOffset

.text.LCD_LayerSetFormat
                0x01e0f038       0xbc
 .text.LCD_LayerSetFormat
                0x01e0f038       0xbc ../../../mediatek/platform/mt6577/uboot/libmt6577.a(lcd_drv.o)
                0x01e0f038                LCD_LayerSetFormat

.text.LCD_LayerSetRotation
                0x01e0f0f4       0xb0
 .text.LCD_LayerSetRotation
                0x01e0f0f4       0xb0 ../../../mediatek/platform/mt6577/uboot/libmt6577.a(lcd_drv.o)
                0x01e0f0f4                LCD_LayerSetRotation

.text.LCD_LayerSetSourceColorKey
                0x01e0f1a4       0xb0
 .text.LCD_LayerSetSourceColorKey
                0x01e0f1a4       0xb0 ../../../mediatek/platform/mt6577/uboot/libmt6577.a(lcd_drv.o)
                0x01e0f1a4                LCD_LayerSetSourceColorKey

.text.LCD_LayerSetTriggerMode
                0x01e0f254      0x104
 .text.LCD_LayerSetTriggerMode
                0x01e0f254      0x104 ../../../mediatek/platform/mt6577/uboot/libmt6577.a(lcd_drv.o)
                0x01e0f254                LCD_LayerSetTriggerMode

.text.LCD_EnableHwTrigger
                0x01e0f358       0x44
 .text.LCD_EnableHwTrigger
                0x01e0f358       0x44 ../../../mediatek/platform/mt6577/uboot/libmt6577.a(lcd_drv.o)
                0x01e0f358                LCD_EnableHwTrigger

.text.LCD_SetBackgroundColor
                0x01e0f39c       0x14
 .text.LCD_SetBackgroundColor
                0x01e0f39c       0x14 ../../../mediatek/platform/mt6577/uboot/libmt6577.a(lcd_drv.o)
                0x01e0f39c                LCD_SetBackgroundColor

.text.LCD_SetRoiWindow
                0x01e0f3b0       0x40
 .text.LCD_SetRoiWindow
                0x01e0f3b0       0x40 ../../../mediatek/platform/mt6577/uboot/libmt6577.a(lcd_drv.o)
                0x01e0f3b0                LCD_SetRoiWindow

.text.LCD_EnableDCtoDsi
                0x01e0f3f0       0x20
 .text.LCD_EnableDCtoDsi
                0x01e0f3f0       0x20 ../../../mediatek/platform/mt6577/uboot/libmt6577.a(lcd_drv.o)
                0x01e0f3f0                LCD_EnableDCtoDsi

.text.LCD_SetOutputAlpha
                0x01e0f410       0x1c
 .text.LCD_SetOutputAlpha
                0x01e0f410       0x1c ../../../mediatek/platform/mt6577/uboot/libmt6577.a(lcd_drv.o)
                0x01e0f410                LCD_SetOutputAlpha

.text.LCD_WaitDPIIndication
                0x01e0f42c       0x28
 .text.LCD_WaitDPIIndication
                0x01e0f42c       0x28 ../../../mediatek/platform/mt6577/uboot/libmt6577.a(lcd_drv.o)
                0x01e0f42c                LCD_WaitDPIIndication

.text.LCD_FBSetFormat
                0x01e0f454       0x2c
 .text.LCD_FBSetFormat
                0x01e0f454       0x2c ../../../mediatek/platform/mt6577/uboot/libmt6577.a(lcd_drv.o)
                0x01e0f454                LCD_FBSetFormat

.text.LCD_FBSetPitch
                0x01e0f480       0x28
 .text.LCD_FBSetPitch
                0x01e0f480       0x28 ../../../mediatek/platform/mt6577/uboot/libmt6577.a(lcd_drv.o)
                0x01e0f480                LCD_FBSetPitch

.text.LCD_FBEnable
                0x01e0f4a8       0x88
 .text.LCD_FBEnable
                0x01e0f4a8       0x88 ../../../mediatek/platform/mt6577/uboot/libmt6577.a(lcd_drv.o)
                0x01e0f4a8                LCD_FBEnable

.text.LCD_FBSetAddress
                0x01e0f530       0x54
 .text.LCD_FBSetAddress
                0x01e0f530       0x54 ../../../mediatek/platform/mt6577/uboot/libmt6577.a(lcd_drv.o)
                0x01e0f530                LCD_FBSetAddress

.text.LCD_FBSetStartCoord
                0x01e0f584       0x20
 .text.LCD_FBSetStartCoord
                0x01e0f584       0x20 ../../../mediatek/platform/mt6577/uboot/libmt6577.a(lcd_drv.o)
                0x01e0f584                LCD_FBSetStartCoord

.text.LCD_TE_Enable
                0x01e0f5a4       0x28
 .text.LCD_TE_Enable
                0x01e0f5a4       0x28 ../../../mediatek/platform/mt6577/uboot/libmt6577.a(lcd_drv.o)
                0x01e0f5a4                LCD_TE_Enable

.text.LCD_TE_SetMode
                0x01e0f5cc       0x28
 .text.LCD_TE_SetMode
                0x01e0f5cc       0x28 ../../../mediatek/platform/mt6577/uboot/libmt6577.a(lcd_drv.o)
                0x01e0f5cc                LCD_TE_SetMode

.text.LCD_TE_SetEdgePolarity
                0x01e0f5f4       0x28
 .text.LCD_TE_SetEdgePolarity
                0x01e0f5f4       0x28 ../../../mediatek/platform/mt6577/uboot/libmt6577.a(lcd_drv.o)
                0x01e0f5f4                LCD_TE_SetEdgePolarity

.text.LCD_TE_ConfigVHSyncMode
                0x01e0f61c        0x8
 .text.LCD_TE_ConfigVHSyncMode
                0x01e0f61c        0x8 ../../../mediatek/platform/mt6577/uboot/libmt6577.a(lcd_drv.o)
                0x01e0f61c                LCD_TE_ConfigVHSyncMode

.text.LCD_SelectWriteIF
                0x01e0f624       0xb8
 .text.LCD_SelectWriteIF
                0x01e0f624       0xb8 ../../../mediatek/platform/mt6577/uboot/libmt6577.a(lcd_drv.o)
                0x01e0f624                LCD_SelectWriteIF

.text.LCD_WriteIF
                0x01e0f6dc      0x104
 .text.LCD_WriteIF
                0x01e0f6dc      0x104 ../../../mediatek/platform/mt6577/uboot/libmt6577.a(lcd_drv.o)
                0x01e0f6dc                LCD_WriteIF

.text.LCD_ReadIF
                0x01e0f7e0      0x110
 .text.LCD_ReadIF
                0x01e0f7e0      0x110 ../../../mediatek/platform/mt6577/uboot/libmt6577.a(lcd_drv.o)
                0x01e0f7e0                LCD_ReadIF

.text.LCD_IsLayerEnable
                0x01e0f8f0       0x94
 .text.LCD_IsLayerEnable
                0x01e0f8f0       0x94 ../../../mediatek/platform/mt6577/uboot/libmt6577.a(lcd_drv.o)
                0x01e0f8f0                LCD_IsLayerEnable

.text.LCD_GetOutputMode
                0x01e0f984       0x14
 .text.LCD_GetOutputMode
                0x01e0f984       0x14 ../../../mediatek/platform/mt6577/uboot/libmt6577.a(lcd_drv.o)
                0x01e0f984                LCD_GetOutputMode

.text.LCD_DumpRegisters
                0x01e0f998       0xa0
 .text.LCD_DumpRegisters
                0x01e0f998       0xa0 ../../../mediatek/platform/mt6577/uboot/libmt6577.a(lcd_drv.o)
                0x01e0f998                LCD_DumpRegisters

.text._WaitForEngineNotBusy
                0x01e0fa38      0x180
 .text._WaitForEngineNotBusy
                0x01e0fa38      0x124 ../../../mediatek/platform/mt6577/uboot/libmt6577.a(lcd_drv.o)
 .text._WaitForEngineNotBusy
                0x01e0fb5c       0x5c ../../../mediatek/platform/mt6577/uboot/libmt6577.a(dsi_drv.o)

.text.LCD_SetOutputMode
                0x01e0fbb8       0x50
 .text.LCD_SetOutputMode
                0x01e0fbb8       0x50 ../../../mediatek/platform/mt6577/uboot/libmt6577.a(lcd_drv.o)
                0x01e0fbb8                LCD_SetOutputMode

.text.LCD_ConfigSerialIF
                0x01e0fc08      0x174
 .text.LCD_ConfigSerialIF
                0x01e0fc08      0x174 ../../../mediatek/platform/mt6577/uboot/libmt6577.a(lcd_drv.o)
                0x01e0fc08                LCD_ConfigSerialIF

.text.LCD_ConfigParallelIF
                0x01e0fd7c      0x284
 .text.LCD_ConfigParallelIF
                0x01e0fd7c      0x284 ../../../mediatek/platform/mt6577/uboot/libmt6577.a(lcd_drv.o)
                0x01e0fd7c                LCD_ConfigParallelIF

.text.LCD_WaitForNotBusy
                0x01e10000       0x10
 .text.LCD_WaitForNotBusy
                0x01e10000       0x10 ../../../mediatek/platform/mt6577/uboot/libmt6577.a(lcd_drv.o)
                0x01e10000                LCD_WaitForNotBusy

.text.LCD_PowerOff
                0x01e10010       0x90
 .text.LCD_PowerOff
                0x01e10010       0x90 ../../../mediatek/platform/mt6577/uboot/libmt6577.a(lcd_drv.o)
                0x01e10010                LCD_PowerOff

.text.LCD_W2M_NeedLimiteSpeed
                0x01e100a0       0x18
 .text.LCD_W2M_NeedLimiteSpeed
                0x01e100a0       0x18 ../../../mediatek/platform/mt6577/uboot/libmt6577.a(lcd_drv.o)
                0x01e100a0                LCD_W2M_NeedLimiteSpeed

.text.LCD_SetGMCThrottle
                0x01e100b8       0xb8
 .text.LCD_SetGMCThrottle
                0x01e100b8       0xb8 ../../../mediatek/platform/mt6577/uboot/libmt6577.a(lcd_drv.o)
                0x01e100b8                LCD_SetGMCThrottle

.text.LCD_StartTransfer
                0x01e10170      0x118
 .text.LCD_StartTransfer
                0x01e10170      0x118 ../../../mediatek/platform/mt6577/uboot/libmt6577.a(lcd_drv.o)
                0x01e10170                LCD_StartTransfer

.text.LCD_Capture_Framebuffer
                0x01e10288      0x434
 .text.LCD_Capture_Framebuffer
                0x01e10288      0x434 ../../../mediatek/platform/mt6577/uboot/libmt6577.a(lcd_drv.o)
                0x01e10288                LCD_Capture_Framebuffer

.text.dsi_esd_check
                0x01e106bc        0x8
 .text.dsi_esd_check
                0x01e106bc        0x8 ../../../mediatek/platform/mt6577/uboot/libmt6577.a(disp_drv_dsi.o)
                0x01e106bc                dsi_esd_check

.text.dsi_capture_framebuffer
                0x01e106c4      0x1a4
 .text.dsi_capture_framebuffer
                0x01e106c4      0x1a4 ../../../mediatek/platform/mt6577/uboot/libmt6577.a(disp_drv_dsi.o)
                0x01e106c4                dsi_capture_framebuffer

.text.dsi_esd_reset
                0x01e10868       0x98
 .text.dsi_esd_reset
                0x01e10868       0x98 ../../../mediatek/platform/mt6577/uboot/libmt6577.a(disp_drv_dsi.o)
                0x01e10868                dsi_esd_reset

.text.get_dsi_tmp_buffer_format
                0x01e10900       0x6c
 .text.get_dsi_tmp_buffer_format
                0x01e10900       0x6c ../../../mediatek/platform/mt6577/uboot/libmt6577.a(disp_drv_dsi.o)
                0x01e10900                get_dsi_tmp_buffer_format

.text.get_dsi_tmp_buffer_bpp
                0x01e1096c       0x1c
 .text.get_dsi_tmp_buffer_bpp
                0x01e1096c       0x1c ../../../mediatek/platform/mt6577/uboot/libmt6577.a(disp_drv_dsi.o)
                0x01e1096c                get_dsi_tmp_buffer_bpp

.text.disp_drv_dsi_init_context
                0x01e10988       0x80
 .text.disp_drv_dsi_init_context
                0x01e10988       0x80 ../../../mediatek/platform/mt6577/uboot/libmt6577.a(disp_drv_dsi.o)

.text.dsi_get_panel_color_format
                0x01e10a08       0x88
 .text.dsi_get_panel_color_format
                0x01e10a08       0x88 ../../../mediatek/platform/mt6577/uboot/libmt6577.a(disp_drv_dsi.o)

.text.dsi_get_dithering_bpp
                0x01e10a90       0x2c
 .text.dsi_get_dithering_bpp
                0x01e10a90       0x2c ../../../mediatek/platform/mt6577/uboot/libmt6577.a(disp_drv_dsi.o)

.text.dsi_get_working_buffer_bpp
                0x01e10abc       0x40
 .text.dsi_get_working_buffer_bpp
                0x01e10abc       0x40 ../../../mediatek/platform/mt6577/uboot/libmt6577.a(disp_drv_dsi.o)

.text.dsi_get_working_buffer_size
                0x01e10afc       0x64
 .text.dsi_get_working_buffer_size
                0x01e10afc       0x64 ../../../mediatek/platform/mt6577/uboot/libmt6577.a(disp_drv_dsi.o)

.text.dsi_update_screen
                0x01e10b60      0x1d0
 .text.dsi_update_screen
                0x01e10b60      0x1d0 ../../../mediatek/platform/mt6577/uboot/libmt6577.a(disp_drv_dsi.o)

.text.dsi_enable_power
                0x01e10d30      0x430
 .text.dsi_enable_power
                0x01e10d30      0x430 ../../../mediatek/platform/mt6577/uboot/libmt6577.a(disp_drv_dsi.o)

.text.get_lcd_tmp_buffer_format
                0x01e11160       0x20
 .text.get_lcd_tmp_buffer_format
                0x01e11160       0x20 ../../../mediatek/platform/mt6577/uboot/libmt6577.a(disp_drv_dsi.o)
                0x01e11160                get_lcd_tmp_buffer_format

.text.init_lcd  0x01e11180      0x55c
 .text.init_lcd
                0x01e11180      0x55c ../../../mediatek/platform/mt6577/uboot/libmt6577.a(disp_drv_dsi.o)

.text.init_dsi  0x01e116dc      0x190
 .text.init_dsi
                0x01e116dc      0x190 ../../../mediatek/platform/mt6577/uboot/libmt6577.a(disp_drv_dsi.o)
                0x01e116dc                init_dsi

.text.dsi_init  0x01e1186c      0x4d8
 .text.dsi_init
                0x01e1186c      0x4d8 ../../../mediatek/platform/mt6577/uboot/libmt6577.a(disp_drv_dsi.o)

.text.DISP_GetDriverDSI
                0x01e11d44       0x10
 .text.DISP_GetDriverDSI
                0x01e11d44       0x10 ../../../mediatek/platform/mt6577/uboot/libmt6577.a(disp_drv_dsi.o)
                0x01e11d44                DISP_GetDriverDSI

.text._BackupDSIRegisters
                0x01e11d54       0xc0
 .text._BackupDSIRegisters
                0x01e11d54       0xc0 ../../../mediatek/platform/mt6577/uboot/libmt6577.a(dsi_drv.o)

.text.DSI_PowerOff
                0x01e11e14       0x60
 .text.DSI_PowerOff
                0x01e11e14       0x60 ../../../mediatek/platform/mt6577/uboot/libmt6577.a(dsi_drv.o)
                0x01e11e14                DSI_PowerOff

.text.DSI_Deinit
                0x01e11e74       0x40
 .text.DSI_Deinit
                0x01e11e74       0x40 ../../../mediatek/platform/mt6577/uboot/libmt6577.a(dsi_drv.o)
                0x01e11e74                DSI_Deinit

.text.DSI_Reset
                0x01e11eb4       0x34
 .text.DSI_Reset
                0x01e11eb4       0x34 ../../../mediatek/platform/mt6577/uboot/libmt6577.a(dsi_drv.o)
                0x01e11eb4                DSI_Reset

.text.DSI_PowerOn
                0x01e11ee8      0x110
 .text.DSI_PowerOn
                0x01e11ee8      0x110 ../../../mediatek/platform/mt6577/uboot/libmt6577.a(dsi_drv.o)
                0x01e11ee8                DSI_PowerOn

.text.DSI_Init  0x01e11ff8      0x100
 .text.DSI_Init
                0x01e11ff8      0x100 ../../../mediatek/platform/mt6577/uboot/libmt6577.a(dsi_drv.o)
                0x01e11ff8                DSI_Init

.text.DSI_SetMode
                0x01e120f8       0x1c
 .text.DSI_SetMode
                0x01e120f8       0x1c ../../../mediatek/platform/mt6577/uboot/libmt6577.a(dsi_drv.o)
                0x01e120f8                DSI_SetMode

.text.DSI_Config_VDO_Timing
                0x01e12114      0x224
 .text.DSI_Config_VDO_Timing
                0x01e12114      0x224 ../../../mediatek/platform/mt6577/uboot/libmt6577.a(dsi_drv.o)
                0x01e12114                DSI_Config_VDO_Timing

.text.DSI_PHY_clk_setting
                0x01e12338      0x11c
 .text.DSI_PHY_clk_setting
                0x01e12338      0x11c ../../../mediatek/platform/mt6577/uboot/libmt6577.a(dsi_drv.o)
                0x01e12338                DSI_PHY_clk_setting

.text.DSI_PHY_clk_switch
                0x01e12454       0x24
 .text.DSI_PHY_clk_switch
                0x01e12454       0x24 ../../../mediatek/platform/mt6577/uboot/libmt6577.a(dsi_drv.o)
                0x01e12454                DSI_PHY_clk_switch

.text.DSI_PHY_TIMCONFIG
                0x01e12478      0x3f0
 .text.DSI_PHY_TIMCONFIG
                0x01e12478      0x3f0 ../../../mediatek/platform/mt6577/uboot/libmt6577.a(dsi_drv.o)
                0x01e12478                DSI_PHY_TIMCONFIG

.text.DSI_clk_ULP_mode
                0x01e12868       0x70
 .text.DSI_clk_ULP_mode
                0x01e12868       0x70 ../../../mediatek/platform/mt6577/uboot/libmt6577.a(dsi_drv.o)
                0x01e12868                DSI_clk_ULP_mode

.text.DSI_clk_HS_state
                0x01e128d8       0x14
 .text.DSI_clk_HS_state
                0x01e128d8       0x14 ../../../mediatek/platform/mt6577/uboot/libmt6577.a(dsi_drv.o)
                0x01e128d8                DSI_clk_HS_state

.text.DSI_clk_HS_mode
                0x01e128ec       0x48
 .text.DSI_clk_HS_mode
                0x01e128ec       0x48 ../../../mediatek/platform/mt6577/uboot/libmt6577.a(dsi_drv.o)
                0x01e128ec                DSI_clk_HS_mode

.text.DSI_lane0_ULP_mode
                0x01e12934       0x68
 .text.DSI_lane0_ULP_mode
                0x01e12934       0x68 ../../../mediatek/platform/mt6577/uboot/libmt6577.a(dsi_drv.o)
                0x01e12934                DSI_lane0_ULP_mode

.text.DSI_Write_T0_INS
                0x01e1299c       0x28
 .text.DSI_Write_T0_INS
                0x01e1299c       0x28 ../../../mediatek/platform/mt6577/uboot/libmt6577.a(dsi_drv.o)
                0x01e1299c                DSI_Write_T0_INS

.text.DSI_Write_T2_INS
                0x01e129c4       0x74
 .text.DSI_Write_T2_INS
                0x01e129c4       0x74 ../../../mediatek/platform/mt6577/uboot/libmt6577.a(dsi_drv.o)
                0x01e129c4                DSI_Write_T2_INS

.text.DSI_TXRX_Control
                0x01e12a38       0x60
 .text.DSI_TXRX_Control
                0x01e12a38       0x60 ../../../mediatek/platform/mt6577/uboot/libmt6577.a(dsi_drv.o)
                0x01e12a38                DSI_TXRX_Control

.text.DSI_PS_Control
                0x01e12a98       0x5c
 .text.DSI_PS_Control
                0x01e12a98       0x5c ../../../mediatek/platform/mt6577/uboot/libmt6577.a(dsi_drv.o)
                0x01e12a98                DSI_PS_Control

.text.DSI_write_lcm_cmd
                0x01e12af4       0x1c
 .text.DSI_write_lcm_cmd
                0x01e12af4       0x1c ../../../mediatek/platform/mt6577/uboot/libmt6577.a(dsi_drv.o)
                0x01e12af4                DSI_write_lcm_cmd

.text.DSI_write_lcm_regs
                0x01e12b10       0x20
 .text.DSI_write_lcm_regs
                0x01e12b10       0x20 ../../../mediatek/platform/mt6577/uboot/libmt6577.a(dsi_drv.o)
                0x01e12b10                DSI_write_lcm_regs

.text.DSI_read_lcm_reg